                         - irqToIsrTrampolines_em358x -               Page    1

    1                           ;/********************************************
                                ******************************//**
    2                           ; * @file     irqToIsrTrampolines_em358x.s
    3                           ; * @brief    Device IRQ Handler trampoline
                                 functions to call Legacy ISRs
    4                           ; *
    5                           ; * @section License
    6                           ; * <b>Copyright 2017 Silicon Laboratories,
                                 Inc. www.silabs.com</b>
    7                           ; ********************************************
                                **********************************/
    8                           
    9                           
   10                                   MODULE  ?irqToIsrTrampolines
   11                           
   12                                   EXTERN  halNmiIsr
   13                                   EXTERN  halHardFaultIsr
   14                                   EXTERN  halMemoryFaultIsr
   15                                   EXTERN  halBusFaultIsr
   16                                   EXTERN  halUsageFaultIsr
   17                                   EXTERN  halSvCallIsr
   18                                   EXTERN  halDebugMonitorIsr
   19                                   EXTERN  halPendSvIsr
   20                                   EXTERN  halInternalSysTickIsr
   21                                   EXTERN  halTimer1Isr
   22                                   EXTERN  halTimer2Isr
   23                                   EXTERN  halManagementIsr
   24                                   EXTERN  halBaseBandIsr
   25                                   EXTERN  halSleepTimerIsr
   26                                   EXTERN  halSc1Isr
   27                                   EXTERN  halSc2Isr
   28                                   EXTERN  halSecurityIsr
   29                                   EXTERN  halStackMacTimerIsr
   30                                   EXTERN  emRadioTransmitIsr
   31                                   EXTERN  emRadioReceiveIsr
   32                                   EXTERN  halAdcIsr
   33                                   EXTERN  halIrqAIsr
   34                                   EXTERN  halIrqBIsr
   35                                   EXTERN  halIrqCIsr
   36                                   EXTERN  halIrqDIsr
   37                                   EXTERN  halDebugIsr
   38                                   EXTERN  halSc3Isr
   39                                   EXTERN  halSc4Isr
   40                                   EXTERN  halUsbIsr
   41                           
   42                           ;;;;;;;;;;;;;;;;;;;;;;;;;;;;;;;;;;;;;;;;;;;;;;
                                ;;;;;;
   43                           ;; Define the IRQ handlers to be a simple
                                 branch to hal Isr routines.
   44                           ;; This method allows CMSIS Device IRQs to
                                 remain as-is while supporting
   45                           ;; legacy hal ISRs and not pushing/popping any
                                 stack behavior as a result
   46                           ;; of interrupt routines.
   47                           ;;
   48                           
   49                           ;; A trampoline function from Reset_Handler to
                                 halEntryPoint is not necessary.
   50                           ;; The Source/IAR startup code must instantiat
                                e the Reset_Handler and as
   51                           ;; a consequence the functon halEntryPoint is
                                 not used.
   52                           
   53                                   PUBWEAK NMI_Handler
   54                                   SECTION .text:CODE:REORDER:NOROOT(1)
   55                           NMI_Handler
   56    00000000 ........              B halNmiIsr
   57                           
   58                                   PUBWEAK HardFault_Handler
   59                                   SECTION .text:CODE:REORDER:NOROOT(1)
   60                           HardFault_Handler
   61    00000000 ........              B halHardFaultIsr
   62                           
   63                                   PUBWEAK MemManage_Handler
   64                                   SECTION .text:CODE:REORDER:NOROOT(1)
   65                           MemManage_Handler
   66    00000000 ........              B halMemoryFaultIsr
   67                           
                         - irqToIsrTrampolines_em358x -               Page    2

   68                                   PUBWEAK BusFault_Handler
   69                                   SECTION .text:CODE:REORDER:NOROOT(1)
   70                           BusFault_Handler
   71    00000000 ........              B halBusFaultIsr
   72                           
   73                                   PUBWEAK UsageFault_Handler
   74                                   SECTION .text:CODE:REORDER:NOROOT(1)
   75                           UsageFault_Handler
   76    00000000 ........              B halUsageFaultIsr
   77                           
   78                                   PUBWEAK SVC_Handler
   79                                   SECTION .text:CODE:REORDER:NOROOT(1)
   80                           SVC_Handler
   81    00000000 ........              B halSvCallIsr
   82                           
   83                                   PUBWEAK DebugMon_Handler
   84                                   SECTION .text:CODE:REORDER:NOROOT(1)
   85                           DebugMon_Handler
   86    00000000 ........              B halDebugMonitorIsr
   87                           
   88                                   PUBWEAK PendSV_Handler
   89                                   SECTION .text:CODE:REORDER:NOROOT(1)
   90                           PendSV_Handler
   91    00000000 ........              B halPendSvIsr
   92                           
   93                                   PUBWEAK SysTick_Handler
   94                                   SECTION .text:CODE:REORDER:NOROOT(1)
   95                           SysTick_Handler
   96    00000000 ........              B halInternalSysTickIsr
   97                           
   98                                   ; Device specific interrupt handlers
   99                           
  100                                   PUBWEAK TIM1_IRQHandler
  101                                   SECTION .text:CODE:REORDER:NOROOT(1)
  102                           TIM1_IRQHandler
  103    00000000 ........              B halTimer1Isr
  104                           
  105                                   PUBWEAK TIM2_IRQHandler
  106                                   SECTION .text:CODE:REORDER:NOROOT(1)
  107                           TIM2_IRQHandler
  108    00000000 ........              B halTimer2Isr
  109                           
  110                                   PUBWEAK MGMT_IRQHandler
  111                                   SECTION .text:CODE:REORDER:NOROOT(1)
  112                           MGMT_IRQHandler
  113    00000000 ........              B halManagementIsr
  114                           
  115                                   PUBWEAK BB_IRQHandler
  116                                   SECTION .text:CODE:REORDER:NOROOT(1)
  117                           BB_IRQHandler
  118    00000000 ........              B halBaseBandIsr
  119                           
  120                                   PUBWEAK SLEEPTMR_IRQHandler
  121                                   SECTION .text:CODE:REORDER:NOROOT(1)
  122                           SLEEPTMR_IRQHandler
  123    00000000 ........              B halSleepTimerIsr
  124                           
  125                                   PUBWEAK SC1_IRQHandler
  126                                   SECTION .text:CODE:REORDER:NOROOT(1)
  127                           SC1_IRQHandler
  128    00000000 ........              B halSc1Isr
  129                           
  130                                   PUBWEAK SC2_IRQHandler
  131                                   SECTION .text:CODE:REORDER:NOROOT(1)
  132                           SC2_IRQHandler
  133    00000000 ........              B halSc2Isr
  134                           
  135                                   PUBWEAK AESCCM_IRQHandler
  136                                   SECTION .text:CODE:REORDER:NOROOT(1)
  137                           AESCCM_IRQHandler
  138    00000000 ........              B halSecurityIsr
  139                           
  140                                   PUBWEAK MACTMR_IRQHandler
  141                                   SECTION .text:CODE:REORDER:NOROOT(1)
  142                           MACTMR_IRQHandler
  143    00000000 ........              B halStackMacTimerIsr
  144                           
  145                                   PUBWEAK MACTX_IRQHandler
                         - irqToIsrTrampolines_em358x -               Page    3

  146                                   SECTION .text:CODE:REORDER:NOROOT(1)
  147                           MACTX_IRQHandler
  148    00000000 ........              B emRadioTransmitIsr
  149                           
  150                                   PUBWEAK MACRX_IRQHandler
  151                                   SECTION .text:CODE:REORDER:NOROOT(1)
  152                           MACRX_IRQHandler
  153    00000000 ........              B emRadioReceiveIsr
  154                           
  155                                   PUBWEAK ADC_IRQHandler
  156                                   SECTION .text:CODE:REORDER:NOROOT(1)
  157                           ADC_IRQHandler
  158    00000000 ........              B halAdcIsr
  159                           
  160                                   PUBWEAK IRQA_IRQHandler
  161                                   SECTION .text:CODE:REORDER:NOROOT(1)
  162                           IRQA_IRQHandler
  163    00000000 ........              B halIrqAIsr
  164                           
  165                                   PUBWEAK IRQB_IRQHandler
  166                                   SECTION .text:CODE:REORDER:NOROOT(1)
  167                           IRQB_IRQHandler
  168    00000000 ........              B halIrqBIsr
  169                           
  170                                   PUBWEAK IRQC_IRQHandler
  171                                   SECTION .text:CODE:REORDER:NOROOT(1)
  172                           IRQC_IRQHandler
  173    00000000 ........              B halIrqCIsr
  174                           
  175                                   PUBWEAK IRQD_IRQHandler
  176                                   SECTION .text:CODE:REORDER:NOROOT(1)
  177                           IRQD_IRQHandler
  178    00000000 ........              B halIrqDIsr
  179                           
  180                                   PUBWEAK DEBUG_IRQHandler
  181                                   SECTION .text:CODE:REORDER:NOROOT(1)
  182                           DEBUG_IRQHandler
  183    00000000 ........              B halDebugIsr
  184                           
  185                                   PUBWEAK SC3_IRQHandler
  186                                   SECTION .text:CODE:REORDER:NOROOT(1)
  187                           SC3_IRQHandler
  188    00000000 ........              B halSc3Isr
  189                           
  190                                   PUBWEAK SC4_IRQHandler
  191                                   SECTION .text:CODE:REORDER:NOROOT(1)
  192                           SC4_IRQHandler
  193    00000000 ........              B halSc4Isr
  194                           
  195                                   PUBWEAK USB_IRQHandler
  196                                   SECTION .text:CODE:REORDER:NOROOT(1)
  197                           USB_IRQHandler
  198    00000000 ........              B halUsbIsr
  199                           
  200                                   END
##############################
#           CRC:0            #
#        Errors:   0         #
#        Warnings: 0         #
#         Bytes: 116         #
##############################



