###############################################################################
#
# IAR ELF Linker V7.80.2.11947/W32 for ARM                03/Jun/2020  14:25:08
# Copyright 2007-2016 IAR Systems AB.
#
#    Output file  =  xncp-led_3.out
#    Map file     =  
#        C:/Users/robbin/SimplicityStudio/v4_workspace/xncp-led_3/IAR ARM -
#        Default - EM3588/xncp-led_3.map
#    Command line =  
#        -f "C:\Users\robbin\SimplicityStudio\v4_workspace\xncp-led_3\IAR ARM -
#        Default - EM3588\ilinkCommandLine_xncp-led_3.out.xcl" (-o
#        xncp-led_3.out --config
#        D:/SiliconLabs/v4/developer/sdks/gecko_sdk_suite/v2.7//platform/base/hal/micro/cortexm3/em35x/em3588/iar-cfg.icf
#        --config_def SERIAL_UART_BTL=1 --config_def FLASH_SIZE=524288
#        --config_def RAM_SIZE=65536 --config_def SIMEEPROM_SIZE=36864
#        --config_def LOCKBITS_IN_MAINFLASH_SIZE=0 --config_def
#        EMBER_MALLOC_HEAP_SIZE=0 --config_def HEADER_SIZE=256 --config_def
#        PSSTORE_SIZE=0 --config_def LONGTOKEN_SIZE=0 --no_wrap_diagnostics
#        D:/SiliconLabs/v4/developer/sdks/gecko_sdk_suite/v2.7//protocol/zigbee/build/debug-extended-library-cortexm3-iar-em3588-em3xx/debug-extended-library.a
#        D:/SiliconLabs/v4/developer/sdks/gecko_sdk_suite/v2.7//protocol/zigbee/build/multi-network-stub-library-cortexm3-iar-em3588-em3xx/multi-network-stub-library.a
#        D:/SiliconLabs/v4/developer/sdks/gecko_sdk_suite/v2.7//protocol/zigbee/build/end-device-bind-library-cortexm3-iar-em3588-em3xx/end-device-bind-library.a
#        D:/SiliconLabs/v4/developer/sdks/gecko_sdk_suite/v2.7//protocol/zigbee/build/ncp-zll-library-cortexm3-iar-em3588-em3xx/ncp-zll-library.a
#        D:/SiliconLabs/v4/developer/sdks/gecko_sdk_suite/v2.7//protocol/zigbee/build/ncp-source-route-library-cortexm3-iar-em3588-em3xx/ncp-source-route-library.a
#        D:/SiliconLabs/v4/developer/sdks/gecko_sdk_suite/v2.7//protocol/zigbee/build/ncp-gp-library-cortexm3-iar-em3588-em3xx/ncp-gp-library.a
#        D:/SiliconLabs/v4/developer/sdks/gecko_sdk_suite/v2.7//protocol/zigbee/build/ncp-mfglib-library-cortexm3-iar-em3588-em3xx/ncp-mfglib-library.a
#        D:/SiliconLabs/v4/developer/sdks/gecko_sdk_suite/v2.7//protocol/zigbee/build/em260-xncp-library-cortexm3-iar-em3588-em3xx/em260-xncp-library.a
#        D:/SiliconLabs/v4/developer/sdks/gecko_sdk_suite/v2.7//protocol/zigbee/build/cbke-library-dsa-sign-stub-cortexm3-iar-em3588-em3xx/cbke-library-dsa-sign-stub.a
#        D:/SiliconLabs/v4/developer/sdks/gecko_sdk_suite/v2.7//protocol/zigbee/build/sim-eeprom2-library-cortexm3-iar-em3588-em3xx/sim-eeprom2-library.a
#        D:/SiliconLabs/v4/developer/sdks/gecko_sdk_suite/v2.7//protocol/zigbee/build/debug-basic-library-cortexm3-iar-em3588-em3xx/debug-basic-library.a
#        D:/SiliconLabs/v4/developer/sdks/gecko_sdk_suite/v2.7//protocol/zigbee/build/zigbee-r22-support-stub-library-cortexm3-iar-em3588-em3xx/zigbee-r22-support-stub-library.a
#        D:/SiliconLabs/v4/developer/sdks/gecko_sdk_suite/v2.7//protocol/zigbee/build/cbke-stub-library-cortexm3-iar-em3588-em3xx/cbke-stub-library.a
#        D:/SiliconLabs/v4/developer/sdks/gecko_sdk_suite/v2.7//protocol/zigbee/build/install-code-library-stub-cortexm3-iar-em3588-em3xx/install-code-library-stub.a
#        D:/SiliconLabs/v4/developer/sdks/gecko_sdk_suite/v2.7//protocol/zigbee/build/source-route-library-cortexm3-iar-em3588-em3xx/source-route-library.a
#        D:/SiliconLabs/v4/developer/sdks/gecko_sdk_suite/v2.7//protocol/zigbee/build/cbke-163k1-stub-library-cortexm3-iar-em3588-em3xx/cbke-163k1-stub-library.a
#        D:/SiliconLabs/v4/developer/sdks/gecko_sdk_suite/v2.7//protocol/zigbee/build/ncp-ash-buffers-rts-cts-library-cortexm3-iar-em3588-em3xx/ncp-ash-buffers-rts-cts-library.a
#        D:/SiliconLabs/v4/developer/sdks/gecko_sdk_suite/v2.7//protocol/zigbee/build/binding-table-library-cortexm3-iar-em3588-em3xx/binding-table-library.a
#        D:/SiliconLabs/v4/developer/sdks/gecko_sdk_suite/v2.7//protocol/zigbee/build/em260-uart-util-library-cortexm3-iar-em3588-em3xx/em260-uart-util-library.a
#        D:/SiliconLabs/v4/developer/sdks/gecko_sdk_suite/v2.7//protocol/zigbee/build/cbke-283k1-stub-library-cortexm3-iar-em3588-em3xx/cbke-283k1-stub-library.a
#        D:/SiliconLabs/v4/developer/sdks/gecko_sdk_suite/v2.7//protocol/zigbee/build/ncp-binding-library-cortexm3-iar-em3588-em3xx/ncp-binding-library.a
#        D:/SiliconLabs/v4/developer/sdks/gecko_sdk_suite/v2.7//protocol/zigbee/build/ncp-cbke-library-cortexm3-iar-em3588-em3xx/ncp-cbke-library.a
#        D:/SiliconLabs/v4/developer/sdks/gecko_sdk_suite/v2.7//protocol/zigbee/build/hal-library-cortexm3-iar-em3588-em3xx/hal-library.a
#        D:/SiliconLabs/v4/developer/sdks/gecko_sdk_suite/v2.7//protocol/zigbee/build/packet-validate-library-cortexm3-iar-em3588-em3xx/packet-validate-library.a
#        D:/SiliconLabs/v4/developer/sdks/gecko_sdk_suite/v2.7//protocol/zigbee/build/gp-library-cortexm3-iar-em3588-em3xx/gp-library.a
#        D:/SiliconLabs/v4/developer/sdks/gecko_sdk_suite/v2.7//protocol/zigbee/build/ncp-pro-library-cortexm3-iar-em3588-em3xx/ncp-pro-library.a
#        D:/SiliconLabs/v4/developer/sdks/gecko_sdk_suite/v2.7//protocol/zigbee/build/zll-stub-library-cortexm3-iar-em3588-em3xx/zll-stub-library.a
#        D:/SiliconLabs/v4/developer/sdks/gecko_sdk_suite/v2.7//protocol/zigbee/build/cbke-library-dsa-verify-stub-cortexm3-iar-em3588-em3xx/cbke-library-dsa-verify-stub.a
#        D:/SiliconLabs/v4/developer/sdks/gecko_sdk_suite/v2.7//protocol/zigbee/build/security-library-link-keys-cortexm3-iar-em3588-em3xx/security-library-link-keys.a
#        D:/SiliconLabs/v4/developer/sdks/gecko_sdk_suite/v2.7//protocol/zigbee/build/cbke-library-dsa-verify-283k1-stub-cortexm3-iar-em3588-em3xx/cbke-library-dsa-verify-283k1-stub.a
#        D:/SiliconLabs/v4/developer/sdks/gecko_sdk_suite/v2.7//protocol/zigbee/build/sim-eeprom2-1to2-upgrade-stub-library-cortexm3-iar-em3588-em3xx/sim-eeprom2-1to2-upgrade-stub-library.a
#        D:/SiliconLabs/v4/developer/sdks/gecko_sdk_suite/v2.7//protocol/zigbee/build/zigbee-pro-stack-cortexm3-iar-em3588-em3xx/zigbee-pro-stack.a
#        D:/SiliconLabs/v4/developer/sdks/gecko_sdk_suite/v2.7//protocol/zigbee/build/ncp-security-library-cortexm3-iar-em3588-em3xx/ncp-security-library.a
#        D:/SiliconLabs/v4/developer/sdks/gecko_sdk_suite/v2.7//protocol/zigbee/build/mfglib-library-cortexm3-iar-em3588-em3xx/mfglib-library.a
#        --entry __iar_program_start --map
#        "C:/Users/robbin/SimplicityStudio/v4_workspace/xncp-led_3/IAR ARM -
#        Default - EM3588/xncp-led_3.map" --log_file
#        "C:/Users/robbin/SimplicityStudio/v4_workspace/xncp-led_3/IAR ARM -
#        Default - EM3588/xncp-led_3.log" --log
#        initialization,modules,sections,veneers --diag_suppress=Lp012
#        --redirect _Printf=_PrintfSmallNoMb --redirect _Scanf=_ScanfFullNoMb
#        ./strong-random/strong-random-api.o ./sim-eeprom2/EM3588/sim-eeprom2.o
#        ./serial/EM3588/serial.o
#        ./secure-ezsp-stub/command-handlers-secure-ezsp-stub.o
#        ./secure-ezsp-stub/secure-ezsp-stub.o ./ncp-uart/em260-common.o
#        ./ncp-uart/ember-configuration.o ./ncp-uart/serial-interface-uart.o
#        ./led/EM3588/led.o
#        ./hal-library/EM3588/iar/irqToIsrTrampolines_em358x.o
#        ./hal-library/EM3588/assert-crash-handlers.o
#        ./hal-library/EM3588/callbacks.o ./hal-library/EM3588/crc.o
#        ./hal-library/EM3588/cstartup-common.o
#        ./hal-library/EM3588/descriptors.o ./hal-library/EM3588/em_usbd.o
#        ./hal-library/EM3588/em_usbdch9.o ./hal-library/EM3588/em_usbdep.o
#        ./hal-library/EM3588/em_usbhal.o ./hal-library/EM3588/em_usbint.o
#        ./hal-library/EM3588/em_usbtimer.o ./hal-library/EM3588/endian.o
#        ./hal-library/EM3588/faults.o ./hal-library/EM3588/isr-stubs.o
#        ./hal-library/EM3588/mem-util.o ./hal-library/EM3588/mfg-token.o
#        ./hal-library/EM3588/micro-common.o ./hal-library/EM3588/micro.o
#        ./hal-library/EM3588/mpu.o ./hal-library/EM3588/random.o
#        ./hal-library/EM3588/sleep.o ./hal-library/EM3588/token-def.o
#        ./hal-library/EM3588/token.o ./hal-library/EM3588/uart.o
#        ./external-generated-files/bootloader-interface-standalone.o
#        ./external-generated-files/bootloader-interface.o
#        ./ext-device/EM3588/ext-device.o ./ember-minimal-printf/ember-printf.o
#        ./diagnostic-stub/diagnostic-stub.o
#        ./debug-channel/EM3588/debug-jtag-em3xx.o
#        ./coexistence-stub/EM3588/coexistence-802154.o
#        ./coexistence-stub/EM3588/coexistence-hal.o
#        ./coexistence-stub/EM3588/coexistence.o
#        ./coexistence-stub/EM3588/coulomb-counter-802154.o
#        ./ccm-encryption/ccm-star.o ./button-stub/button-stub.o
#        ./antenna-stub/antenna-stub.o ./adc/EM3588/adc-em3xx.o
#        ./ezsp-command-handler.o ./ncp-bookkeeping.o ./ncp-callback-stubs.o
#        ./ncp-callbacks.o ./ncp-events.o ./xncp-led-implementation.o)
#
###############################################################################

*******************************************************************************
*** MESSAGES
***

Warning[Lt009]: Inconsistent wchar_t size
            strong-random-api.o and 63 other objects have wchar_t size 16 bits
            phy.o(zigbee-pro-stack.a) and 128 other objects have wchar_t size 32 bits


*******************************************************************************
*** RUNTIME MODEL ATTRIBUTES
***

CppFlavor       = *
__SystemLibrary = DLib
__dlib_version  = 6


*******************************************************************************
*** PLACEMENT SUMMARY
***

"BAT": place at 0x08000000 { section BAT };
"HEADERS":
       place at start of [0x08004000-0x080040ff] { block HEADER_block };
"APP ro":
       place at start of [0x08004100-0x0807ffff] { block APPRO_block };
"SIMEE&LOCKBITS":
       place at end of [0x08004100-0x0807ffff] {
          zi section SIMEE, zi section INTERNAL_STORAGE, zi section LONGTOKEN,
          zi section PSSTORE, zi section LOCKBITS_IN_MAINFLASH };
"FAT": place at 0x08080000 { section FAT };
"DEBUGCHAN":
       place at start of [0x2000fff0-0x2000ffff] { rw section DEBUG_CHANNEL };
"ResetHeap":
       place at start of [0x20000000-0x2000ffef] { block RESETHEAP };
"Guard":
       place in [from 0x20000000 to 0x2000ffef] { rw section GUARD_REGION };
"APP rw":
       place at end of [0x20000000-0x2000ffef] { block APPRW_block };
do not initialize {
   rw section .noinitlegacy, rw section .noinitnew, rw section CSTACK,
   rw section RESETINFO, rw section EMHEAP, zi section SIMEE,
   zi section INTERNAL_STORAGE, zi section LONGTOKEN, zi section PSSTORE,
   zi section LOCKBITS_IN_MAINFLASH };
initialize by copy { rw };

  Section                Kind        Address     Size  Object
  -------                ----        -------     ----  ------
"BAT":                                           0x54
  BAT                    uninit   0x08000000     0x54  cstartup-common.o [12]
                                - 0x08000054     0x54

"HEADERS":                                       0xac
  HEADER_block                    0x08004000     0xac  <Block>
    AAT                  const    0x08004000     0xac  cstartup-common.o [12]
                                - 0x080040ac     0xac

"APP ro":                                     0x22740
  APPRO_block                     0x08004100  0x22740  <Block>
    .intvec              const    0x08004100     0x90  startup_em358x.o [35]
    .text                         0x08004190  0x21eec  <Block>
      .text              ro code  0x08004190     0xa4  sim-eeprom2.o [18]
      .text              ro code  0x08004234     0xb8  mem-util.o [12]
      .text              ro code  0x080042ec     0xe6  debug-extended.o [29]
      .text              ro code  0x080043d4   0x1330  sim-eeprom2-internal.o [52]
      .text              ro code  0x08005704     0x66  ABImemset.o [49]
      .text              ro code  0x0800576c    0x2aa  debug-jtag-em3xx.o [7]
      .text              ro code  0x08005a18    0x4d4  serial.o [17]
      .text              ro code  0x08005eec    0x754  packet-buffer.o [54]
      .text              ro code  0x08006640    0x278  ember-printf.o [9]
      .text              ro code  0x080068b8    0x2fc  debug.o [28]
      .text              ro code  0x08006bb4    0x11c  flash.o [35]
      .text              ro code  0x08006cd0     0xd0  ncp-callback-stubs.o [1]
      .text              ro code  0x08006da0      0xa  sim-eeprom2-internal-1to2upgrade-stub.o [51]
      .text              ro code  0x08006dac    0x1f4  assert-crash-handlers.o [12]
      .text              ro code  0x08006fa0     0xbc  micro-common.o [12]
      .text              ro code  0x0800705c    0x1f0  micro-common-internal.o [35]
      .text              ro code  0x0800724c    0x136  system-timer.o [35]
      .text              ro code  0x08007384     0x26  crc.o [12]
      .text              ro code  0x080073ac      0x6  spmr.o [35]
      .text              ro code  0x080073b4    0x780  uart.o [12]
      .text              ro code  0x08007b34      0xc  spmr.o [35]
      .text              ro code  0x08007b40    0x334  ember-multi-network-stub.o [38]
      .text              ro code  0x08007e74    0x23a  micro.o [12]
      .text              ro code  0x080080b0    0x1a8  ember-stack-common.o [54]
      .text              ro code  0x08008258    0x9bc  phy-common.o [54]
      .text              ro code  0x08008c14    0x5ec  analogue.o [54]
      .text              ro code  0x08009200      0xe  spmr.o [35]
      .text              ro code  0x08009210    0x638  ezsp-frame-utilities.o [31]
      .text              ro code  0x08009848     0xb0  micro-internal.o [35]
      .text              ro code  0x080098f8    0x440  clocks.o [35]
      .text              ro code  0x08009d38    0x124  caladc.o [35]
      .text              ro code  0x08009e5c     0xea  mfg-token.o [12]
      .text              ro code  0x08009f48      0x8  spmr.o [35]
      .text              ro code  0x08009f50    0x638  sleep.o [12]
      .text              ro code  0x0800a588     0x50  random.o [12]
      .text              ro code  0x0800a5d8    0x9f8  upper-mac.o [54]
      .text              ro code  0x0800afd0    0x244  event-control.o [54]
      .text              ro code  0x0800b214    0x230  zigbee-neighbor.o [54]
      .text              ro code  0x0800b444    0x36e  command-handlers-security.o [45]
      .text              ro code  0x0800b7b4    0x300  stack-callbacks.o [31]
      .text              ro code  0x0800bab4    0x194  counters.o [31]
      .text              ro code  0x0800bc48     0xa8  cstartup-common.o [12]
      .text              ro code  0x0800bcf0    0x110  adc-em3xx.o [2]
      .text              ro code  0x0800be00      0x8  coexistence-802154.o [6]
      .text              ro code  0x0800be08    0x1ac  coexistence-hal.o [6]
      .text              ro code  0x0800bfb4    0x14c  token.o [12]
      .text              ro code  0x0800c100     0x1e  mac-dispatch.o [54]
      .text              ro code  0x0800c120     0x20  zdo-r22-stub.o [55]
      .text              ro code  0x0800c140    0x750  child.o [54]
      .text              ro code  0x0800c890     0x74  zll-stubs.o [56]
      .text              ro code  0x0800c904     0x14  strong-random-api.o [19]
      .text              ro code  0x0800c918      0xe  spmr.o [35]
      .text              ro code  0x0800c928    0x8e6  phy.o [54]
      .text              ro code  0x0800d210    0x454  lower-mac-efr32.o [54]
      .text              ro code  0x0800d664     0x18  eui64.o [54]
      .text              ro code  0x0800d67c     0xe8  analogue-cell-bias.o [54]
      .text              ro code  0x0800d764     0x4c  analogue-filter.o [54]
      .text              ro code  0x0800d7b0     0xcc  analogue-vco.o [54]
      .text              ro code  0x0800d87c    0x27c  analogue-mod-dac.o [54]
      .text              ro code  0x0800daf8    0x1aa  analogue-lna.o [54]
      .text              ro code  0x0800dca4      0x8  context-switch.o [35]
      .text              ro code  0x0800dcac      0x4  spmr.o [35]
      .text              ro code  0x0800dcb0      0x4  spmr.o [35]
      .text              ro code  0x0800dcb4      0x6  spmr.o [35]
      .text              ro code  0x0800dcbc     0x40  mpu.o [12]
      .text              ro code  0x0800dcfc     0x4c  context-switch.o [35]
      .text              ro code  0x0800dd48    0x27c  packet-header.o [54]
      .text              ro code  0x0800dfc4     0x5e  byte-utilities.o [54]
      .text              ro code  0x0800e024     0x24  enhanced-beacon-request-stub.o [55]
      .text              ro code  0x0800e048     0x48  child-table.o [54]
      .text              ro code  0x0800e090   0x19d8  network.o [54]
      .text              ro code  0x0800fa68     0x34  mac-info-element-parsing-stub.o [55]
      .text              ro code  0x0800fa9c    0x5b5  mac-indirect.o [54]
      .text              ro code  0x08010054    0x6fc  scan.o [54]
      .text              ro code  0x08010750    0x692  command.o [54]
      .text              ro code  0x08010de4    0x2f4  jit.o [54]
      .text              ro code  0x080110d8      0x6  ABImemclr4.o [49]
      .text              ro code  0x080110e0    0x380  mac-header.o [54]
      .text              ro code  0x08011460    0x84c  neighbor.o [54]
      .text              ro code  0x08011cac    0x364  random-id.o [54]
      .text              ro code  0x08012010    0x14a  aes-mmo.o [54]
      .text              ro code  0x0801215c     0x56  ABImemcpy_unaligned.o [49]
      .text              ro code  0x080121b4    0x540  aps-keys-transient.o [50]
      .text              ro code  0x080126f4     0xca  security-config-mfg-3xx.o [54]
      .text              ro code  0x080127c0    0xde0  aps-security.o [54]
      .text              ro code  0x080135a0    0x3f4  memory-allocation.o [31]
      .text              ro code  0x08013994    0x4ec  zigbee-stack.o [54]
      .text              ro code  0x08013e80    0x410  source-route-table.o [53]
      .text              ro code  0x08014290     0xa8  security-address-cache.o [44]
      .text              ro code  0x08014338     0xba  xncp.o [32]
      .text              ro code  0x080143f4    0x21a  serial-interface-uart.o [15]
      .text              ro code  0x08014610    0x168  child-aging.o [54]
      .text              ro code  0x08014778   0x1520  association.o [54]
      .text              ro code  0x08015c98    0x3dc  address-table.o [54]
      .text              ro code  0x08016074    0x588  route-table.o [54]
      .text              ro code  0x080165fc    0xde4  command-handlers-zigbee-pro.o [44]
      .text              ro code  0x080173e0     0x12  ember-duty-cycle-stub.o [54]
      .text              ro code  0x080173f4    0x168  symbol-timer.o [54]
      .text              ro code  0x0801755c     0x7e  aes.o [54]
      .text              ro code  0x080175da      0x8  abs.o [30]
      .text              ro code  0x080175e4     0x4a  duty-cycle-stub.o [54]
      .text              ro code  0x0801762e     0x1e  antenna-stub.o [3]
      .text              ro code  0x0801764c     0x82  led.o [14]
      .text              ro code  0x080176d0    0x1bc  broadcast.o [54]
      .text              ro code  0x0801788c    0x2ee  retry.o [54]
      .text              ro code  0x08017b7c    0x22c  store-forward.o [54]
      .text              ro code  0x08017da8     0x64  unicast-table.o [54]
      .text              ro code  0x08017e0c    0xc24  gp-data.o [34]
      .text              ro code  0x08018a30    0x348  child-handling.o [54]
      .text              ro code  0x08018d78    0x428  crypto.o [54]
      .text              ro code  0x080191a0    0x558  aps-encryption.o [54]
      .text              ro code  0x080196f8    0x638  zigbee-packet-header.o [54]
      .text              ro code  0x08019d30    0x7dc  route-discovery.o [54]
      .text              ro code  0x0801a50c    0xa7c  application-support.o [54]
      .text              ro code  0x0801af88    0x2dc  packet-validate.o [48]
      .text              ro code  0x0801b264    0x9cc  beacon-handling.o [54]
      .text              ro code  0x0801bc30    0x160  route-error.o [54]
      .text              ro code  0x0801bd90    0x416  leave.o [54]
      .text              ro code  0x0801c1a8    0x398  neighbor-exchange.o [54]
      .text              ro code  0x0801c540    0x2f8  management.o [54]
      .text              ro code  0x0801c838    0x198  source-route-update.o [53]
      .text              ro code  0x0801c9d0     0xe4  polling.o [44]
      .text              ro code  0x0801cab4    0x9ac  aps-retry.o [54]
      .text              ro code  0x0801d460     0x22  I64Shl.o [49]
      .text              ro code  0x0801d484     0x32  ABImemset48.o [49]
      .text              ro code  0x0801d4b8    0x9cc  zigbee-device-util.o [54]
      .text              ro code  0x0801de84    0x6b0  aps-keys.o [54]
      .text              ro code  0x0801e534     0x62  hmac.o [54]
      .text              ro code  0x0801e598    0x31c  aps-keys-full.o [50]
      .text              ro code  0x0801e8b4      0x4  install-code-stub.o [36]
      .text              ro code  0x0801e8b8     0x12  cbke-crypto-engine-stub.o [27]
      .text              ro code  0x0801e8cc    0x844  trust-center-util.o [54]
      .text              ro code  0x0801f110    0x1d0  token-cache.o [54]
      .text              ro code  0x0801f2e0     0xf6  ncp-bookkeeping.o [1]
      .text              ro code  0x0801f3d6     0x10  ember-configuration.o [15]
      .text              ro code  0x0801f3e8     0x90  ember-library.o [54]
      .text              ro code  0x0801f478     0x12  phy-util.o [54]
      .text              ro code  0x0801f48c    0x504  binding-table.o [21]
      .text              ro code  0x0801f990     0x1a  cbke-crypto-engine-163k1-stub.o [22]
      .text              ro code  0x0801f9aa     0x1a  cbke-crypto-engine-283k1-stub.o [23]
      .text              ro code  0x0801f9c4    0x404  zdo-channel.o [54]
      .text              ro code  0x0801fdc8    0x104  command-handlers-source-route.o [46]
      .text              ro code  0x0801fecc     0xb6  xncp-led-implementation.o [1]
      .text              ro code  0x0801ff82     0x16  secure-ezsp-stub.o [16]
      .text              ro code  0x0801ff98    0x8d4  ash-ncp.o [39]
      .text              ro code  0x0802086c     0x14  ember-multi-phy-stub.o [54]
      .text              ro code  0x08020880    0x7d4  gp-proxy-table.o [34]
      .text              ro code  0x08021054    0x21c  endpoint-data.o [44]
      .text              ro code  0x08021270    0x104  zigbee-dispatch.o [54]
      .text              ro code  0x08021374    0x11a  command-handlers-gp.o [42]
      .text              ro code  0x0802148e     0x7a  gp-util.o [34]
      .text              ro code  0x08021508    0x1c4  ccm-star.o [5]
      .text              ro code  0x080216cc      0x8  cbke-crypto-engine-dsa-sign-stub.o [24]
      .text              ro code  0x080216d4     0x84  timers.o [31]
      .text              ro code  0x08021758    0xa94  zigbee-device.o [54]
      .text              ro code  0x080221ec    0x3ec  end-device-bind.o [33]
      .text              ro code  0x080225d8     0xbc  command-handlers-mfglib.o [43]
      .text              ro code  0x08022694    0xdd8  command-handlers.o [31]
      .text              ro code  0x0802346c    0x170  command-handlers-cbke.o [41]
      .text              ro code  0x080235dc    0x318  command-handlers-binding.o [40]
      .text              ro code  0x080238f4     0x84  command-handlers-zll.o [47]
      .text              ro code  0x08023978    0x27c  ash-common.o [39]
      .text              ro code  0x08023bf4    0x1bc  zdo-binding-table.o [21]
      .text              ro code  0x08023db0    0x258  mfglib.o [37]
      .text              ro code  0x08024008      0x2  command-handlers.o [31]
      .text              ro code  0x0802400c    0x1e8  em260-common.o [15]
      .text              ro code  0x080241f4     0x30  frame-utilities.o [31]
      .text              ro code  0x08024224     0x10  command-handlers-secure-ezsp-stub.o [16]
      .text              ro code  0x08024234     0x78  bootloader-interface-standalone.o [11]
      .text              ro code  0x080242ac   0x147e  ezsp-command-handler.o [1]
      .text              ro code  0x0802572c      0xc  bootloader-interface.o [11]
      .text              ro code  0x08025738     0x3c  aps-no-trust-center.o [54]
      .text              ro code  0x08025774    0x49a  gp-sink-table.o [34]
      .text              ro code  0x08025c0e      0x4  cbke-crypto-engine-dsa-verify-stub.o [26]
      .text              ro code  0x08025c12      0x4  cbke-crypto-engine-dsa-verify-283k1-stub.o [25]
      .text              ro code  0x08025c18      0x2  faults.o [12]
      .text              ro code  0x08025c1c      0x2  faults.o [12]
      .text              ro code  0x08025c20      0x2  faults.o [12]
      .text              ro code  0x08025c24      0x2  faults.o [12]
      .text              ro code  0x08025c28      0x2  faults.o [12]
      .text              ro code  0x08025c2c      0x2  faults.o [12]
      .text              ro code  0x08025c30     0x70  faults.o [12]
      .text              ro code  0x08025ca0      0x0  isr-stubs.o [12]
      .text              ro code  0x08025ca0      0x0  isr-stubs.o [12]
      .text              ro code  0x08025ca0      0x0  isr-stubs.o [12]
      .text              ro code  0x08025ca0      0x0  isr-stubs.o [12]
      .text              ro code  0x08025ca0      0x0  isr-stubs.o [12]
      .text              ro code  0x08025ca0      0x0  isr-stubs.o [12]
      .text              ro code  0x08025ca0      0x0  isr-stubs.o [12]
      .text              ro code  0x08025ca0      0x0  isr-stubs.o [12]
      .text              ro code  0x08025ca0      0x0  isr-stubs.o [12]
      .text              ro code  0x08025ca0      0x0  isr-stubs.o [12]
      .text              ro code  0x08025ca0      0x0  isr-stubs.o [12]
      .text              ro code  0x08025ca0      0x0  isr-stubs.o [12]
      .text              ro code  0x08025ca0      0x0  isr-stubs.o [12]
      .text              ro code  0x08025ca0     0xcc  main.o [31]
      .text              ro code  0x08025d6c     0xf0  system_em358x.o [35]
      .text              ro code  0x08025e5c      0x8  startup_em358x.o [35]
      .text              ro code  0x08025e64      0xc  cstartup_M.o [49]
      .text              ro code  0x08025e70     0x1a  cmain.o [49]
      .text              ro code  0x08025e8a      0x4  low_level_init.o [30]
      .text              ro code  0x08025e90     0x28  data_init.o [49]
      .text              ro code  0x08025eb8      0x4  exit.o [30]
      .text              ro code  0x08025ebc      0xa  cexit.o [49]
      .text              ro code  0x08025ec8      0xc  XXexit.o [49]
      .text              ro code  0x08025ed4     0x18  cal-pads.o [54]
      .text              ro code  0x08025eec      0x4  irqToIsrTrampolines_em358x.o [13]
      .text              ro code  0x08025ef0      0x4  irqToIsrTrampolines_em358x.o [13]
      .text              ro code  0x08025ef4      0x4  irqToIsrTrampolines_em358x.o [13]
      .text              ro code  0x08025ef8      0x4  irqToIsrTrampolines_em358x.o [13]
      .text              ro code  0x08025efc      0x4  irqToIsrTrampolines_em358x.o [13]
      Veneer             ro code  0x08025f00      0x8  - Linker created -
      .text              ro code  0x08025f08      0x4  irqToIsrTrampolines_em358x.o [13]
      .text              ro code  0x08025f0c      0x4  irqToIsrTrampolines_em358x.o [13]
      Veneer             ro code  0x08025f10      0x8  - Linker created -
      .text              ro code  0x08025f18      0x4  irqToIsrTrampolines_em358x.o [13]
      Veneer             ro code  0x08025f1c      0x8  - Linker created -
      .text              ro code  0x08025f24      0x4  irqToIsrTrampolines_em358x.o [13]
      Veneer             ro code  0x08025f28      0x8  - Linker created -
      .text              ro code  0x08025f30      0x4  irqToIsrTrampolines_em358x.o [13]
      .text              ro code  0x08025f34      0x4  irqToIsrTrampolines_em358x.o [13]
      Veneer             ro code  0x08025f38      0x8  - Linker created -
      .text              ro code  0x08025f40      0x4  irqToIsrTrampolines_em358x.o [13]
      .text              ro code  0x08025f44      0x4  irqToIsrTrampolines_em358x.o [13]
      .text              ro code  0x08025f48      0x4  irqToIsrTrampolines_em358x.o [13]
      Veneer             ro code  0x08025f4c      0x8  - Linker created -
      .text              ro code  0x08025f54      0x4  irqToIsrTrampolines_em358x.o [13]
      Veneer             ro code  0x08025f58      0x8  - Linker created -
      .text              ro code  0x08025f60      0x4  irqToIsrTrampolines_em358x.o [13]
      .text              ro code  0x08025f64      0x4  irqToIsrTrampolines_em358x.o [13]
      .text              ro code  0x08025f68      0x4  irqToIsrTrampolines_em358x.o [13]
      .text              ro code  0x08025f6c      0x4  irqToIsrTrampolines_em358x.o [13]
      .text              ro code  0x08025f70      0x4  irqToIsrTrampolines_em358x.o [13]
      Veneer             ro code  0x08025f74      0x8  - Linker created -
      .text              ro code  0x08025f7c      0x4  irqToIsrTrampolines_em358x.o [13]
      Veneer             ro code  0x08025f80      0x8  - Linker created -
      .text              ro code  0x08025f88      0x4  irqToIsrTrampolines_em358x.o [13]
      Veneer             ro code  0x08025f8c      0x8  - Linker created -
      .text              ro code  0x08025f94      0x4  irqToIsrTrampolines_em358x.o [13]
      .text              ro code  0x08025f98      0x4  irqToIsrTrampolines_em358x.o [13]
      .text              ro code  0x08025f9c      0x4  irqToIsrTrampolines_em358x.o [13]
      Veneer             ro code  0x08025fa0      0x8  - Linker created -
      .text              ro code  0x08025fa8      0x4  irqToIsrTrampolines_em358x.o [13]
      Veneer             ro code  0x08025fac      0x8  - Linker created -
      .text              ro code  0x08025fb4      0x4  irqToIsrTrampolines_em358x.o [13]
      Veneer             ro code  0x08025fb8      0x8  - Linker created -
      .text              ro code  0x08025fc0      0x4  irqToIsrTrampolines_em358x.o [13]
      .text              ro code  0x08025fc4     0x40  zero_init3.o [49]
      .text              ro code  0x08026004     0x78  lz77_init_single.o [49]
    .rodata              const    0x0802607c     0x1c  sim-eeprom2.o [18]
    .rodata              const    0x08026098     0x30  sim-eeprom2.o [18]
    .rodata              const    0x080260c8      0x4  sim-eeprom2.o [18]
    .rodata              const    0x080260cc     0x24  sim-eeprom2.o [18]
    .rodata              const    0x080260f0      0x8  serial.o [17]
    .rodata              const    0x080260f8      0x8  serial.o [17]
    .rodata              const    0x08026100      0x4  serial.o [17]
    .rodata              const    0x08026104      0x8  serial.o [17]
    .rodata              const    0x0802610c      0x8  serial.o [17]
    .rodata              const    0x08026114     0x18  serial-interface-uart.o [15]
    .rodata              const    0x0802612c     0x14  assert-crash-handlers.o [12]
    .rodata              const    0x08026140     0x10  cstartup-common.o [12]
    .rodata              const    0x08026150      0xc  mfg-token.o [12]
    .rodata              const    0x0802615c      0x8  mfg-token.o [12]
    .rodata              const    0x08026164      0x8  sleep.o [12]
    .rodata              const    0x0802616c     0x48  token-def.o [12]
    .rodata              const    0x080261b4     0x24  token-def.o [12]
    .rodata              const    0x080261d8     0x24  token-def.o [12]
    .rodata              const    0x080261fc     0x24  token-def.o [12]
    .rodata              const    0x08026220      0x4  token-def.o [12]
    .rodata              const    0x08026224     0x14  token-def.o [12]
    .rodata              const    0x08026238      0x4  token-def.o [12]
    .rodata              const    0x0802623c      0x4  token-def.o [12]
    .rodata              const    0x08026240     0x14  token-def.o [12]
    .rodata              const    0x08026254     0x10  token-def.o [12]
    .rodata              const    0x08026264     0x1c  token-def.o [12]
    .rodata              const    0x08026280      0x8  token-def.o [12]
    .rodata              const    0x08026288      0xc  token-def.o [12]
    .rodata              const    0x08026294     0x18  token-def.o [12]
    .rodata              const    0x080262ac      0x4  token-def.o [12]
    .rodata              const    0x080262b0     0x14  token-def.o [12]
    .rodata              const    0x080262c4     0x10  token-def.o [12]
    .rodata              const    0x080262d4     0x14  token-def.o [12]
    .rodata              const    0x080262e8     0x1c  token-def.o [12]
    .rodata              const    0x08026304      0x8  token-def.o [12]
    .rodata              const    0x0802630c      0xc  token-def.o [12]
    .rodata              const    0x08026318      0x4  token-def.o [12]
    .rodata              const    0x0802631c     0x10  token-def.o [12]
    .rodata              const    0x0802632c      0xc  token-def.o [12]
    .rodata              const    0x08026338     0x1c  token-def.o [12]
    .rodata              const    0x08026354     0x5c  token-def.o [12]
    .rodata              const    0x080263b0     0x10  token-def.o [12]
    .rodata              const    0x080263c0     0x28  token-def.o [12]
    .rodata              const    0x080263e8     0x14  token-def.o [12]
    .rodata              const    0x080263fc     0x34  token-def.o [12]
    .rodata              const    0x08026430      0x4  token-def.o [12]
    .rodata              const    0x08026434     0x30  token-def.o [12]
    .rodata              const    0x08026464      0x4  token-def.o [12]
    .rodata              const    0x08026468      0x8  token-def.o [12]
    .rodata              const    0x08026470     0x90  token-def.o [12]
    .rodata              const    0x08026500      0x4  token.o [12]
    .rodata              const    0x08026504      0x8  token.o [12]
    .rodata              const    0x0802650c      0x8  uart.o [12]
    .rodata              const    0x08026514     0x14  uart.o [12]
    .rodata              const    0x08026528     0x24  ember-printf.o [9]
    .rodata              const    0x0802654c      0x8  ezsp-command-handler.o [1]
    .rodata              const    0x08026554      0x8  ezsp-command-handler.o [1]
    .rodata              const    0x0802655c      0x8  ezsp-command-handler.o [1]
    .rodata              const    0x08026564      0x8  ezsp-command-handler.o [1]
    .rodata              const    0x0802656c      0x8  ezsp-command-handler.o [1]
    .rodata              const    0x08026574      0x8  ezsp-command-handler.o [1]
    .rodata              const    0x0802657c      0x8  ezsp-command-handler.o [1]
    .rodata              const    0x08026584      0x8  ezsp-command-handler.o [1]
    .rodata              const    0x0802658c      0x8  ezsp-command-handler.o [1]
    .rodata              const    0x08026594      0x8  ezsp-command-handler.o [1]
    .rodata              const    0x0802659c     0x18  ncp-callback-stubs.o [1]
    .rodata              const    0x080265b4     0x40  ncp-events.o [1]
    .rodata              const    0x080265f4      0x1  trust-center-util.o [54]
    .rodata              const    0x080265f6      0x2  sim-eeprom2.o [18]
    .rodata              const    0x080265f8      0x1  binding-table.o [21]
    .rodata              const    0x080265fa      0x2  sim-eeprom2.o [18]
    .rodata              const    0x080265fc      0x1  route-table.o [54]
    .rodata              const    0x080265fe      0x2  sim-eeprom2.o [18]
    .rodata              const    0x08026600      0x8  ember-version.o [54]
    .rodata              const    0x08026608      0x2  sim-eeprom2.o [18]
    .rodata              const    0x0802660a      0x2  sim-eeprom2.o [18]
    .rodata              const    0x0802660c      0x2  sim-eeprom2.o [18]
    .rodata              const    0x0802660e      0x2  sim-eeprom2.o [18]
    .rodata              const    0x08026610      0x2  sim-eeprom2.o [18]
    .rodata              const    0x08026612      0x2  sim-eeprom2.o [18]
    .rodata              const    0x08026614      0x2  sim-eeprom2.o [18]
    .rodata              const    0x08026616      0x2  mfg-token.o [12]
    .rodata              const    0x08026618      0x2  mfg-token.o [12]
    .rodata              const    0x0802661a      0x2  mfg-token.o [12]
    .rodata              const    0x0802661c      0x2  mfg-token.o [12]
    .rodata              const    0x0802661e      0x2  mfg-token.o [12]
    .rodata              const    0x08026620      0x2  mfg-token.o [12]
    .rodata              const    0x08026622      0x2  mfg-token.o [12]
    .rodata              const    0x08026624      0x2  mfg-token.o [12]
    .rodata              const    0x08026626      0x2  mfg-token.o [12]
    .rodata              const    0x08026628      0x2  mfg-token.o [12]
    .rodata              const    0x0802662a      0x2  mfg-token.o [12]
    .rodata              const    0x0802662c      0x2  mfg-token.o [12]
    .rodata              const    0x0802662e      0x2  mfg-token.o [12]
    .rodata              const    0x08026630      0x2  mfg-token.o [12]
    .rodata              const    0x08026632      0x2  mfg-token.o [12]
    .rodata              const    0x08026634      0x2  mfg-token.o [12]
    .rodata              const    0x08026636      0x2  mfg-token.o [12]
    .rodata              const    0x08026638      0x2  mfg-token.o [12]
    .rodata              const    0x0802663a      0x2  mfg-token.o [12]
    .rodata              const    0x0802663c      0x2  mfg-token.o [12]
    .rodata              const    0x0802663e      0x2  mfg-token.o [12]
    .rodata              const    0x08026640      0x2  mfg-token.o [12]
    .rodata              const    0x08026642      0x2  mfg-token.o [12]
    .rodata              const    0x08026644      0x2  token-def.o [12]
    .rodata              const    0x08026646      0x2  token-def.o [12]
    .rodata              const    0x08026648      0x2  token-def.o [12]
    .rodata              const    0x0802664a      0x2  token-def.o [12]
    .rodata              const    0x0802664c      0x1  end-device-bind.o [33]
    .rodata              const    0x0802664d      0x1  sim-eeprom2.o [18]
    .rodata              const    0x0802664e      0x1  em260-common.o [15]
    .rodata              const    0x0802664f      0x1  em260-common.o [15]
    .rodata              const    0x08026650      0x1  em260-common.o [15]
    .rodata              const    0x08026651      0x1  em260-common.o [15]
    .rodata              const    0x08026652      0x1  ember-configuration.o [15]
    .rodata              const    0x08026653      0x1  serial-interface-uart.o [15]
    .rodata              const    0x08026654      0x1  token-def.o [12]
    .rodata              const    0x08026655      0x1  token-def.o [12]
    .rodata              const    0x08026656      0x1  aps-keys-full.o [50]
    .rodata              const    0x08026657      0x1  cbke-crypto-engine-163k1-stub.o [22]
    .rodata              const    0x08026658      0x1  cbke-crypto-engine-283k1-stub.o [23]
    .rodata              const    0x08026659      0x1  cbke-crypto-engine-dsa-verify-stub.o [26]
    .rodata              const    0x0802665a      0x1  cbke-crypto-engine-dsa-verify-283k1-stub.o [25]
    .rodata              const    0x0802665b      0x1  zll-stubs.o [56]
    .rodata              const    0x0802665c      0x1  ember-multi-network-stub.o [38]
    .rodata              const    0x0802665d      0x1  main.o [31]
    .rodata              const    0x0802665e      0x1  cbke-crypto-engine-stub.o [27]
    .rodata              const    0x0802665f      0x1  cbke-crypto-engine-dsa-sign-stub.o [24]
    .rodata              const    0x08026660      0x1  enhanced-beacon-request-stub.o [55]
    .rodata              const    0x08026661      0x1  install-code-stub.o [36]
    .rodata              const    0x08026662      0x1  packet-validate.o [48]
    .rodata              const    0x08026663      0x0  zero_init3.o [49]
    .rodata              const    0x08026663      0x0  lz77_init_single.o [49]
    .data_init                    0x08026663    0x1ac  <Block>
      Initializer bytes  const    0x08026663    0x1ac  <for rw section .data-1>
    .iar.init_table      const    0x08026810     0x30  - Linker created -
                                - 0x08026840  0x22740

"SIMEE&LOCKBITS":                              0x9000
  SIMEE                           0x08077000   0x9000  <Block>
    SIMEE                uninit   0x08077000   0x9000  sim-eeprom2.o [18]
                                - 0x08080000   0x9000

"FAT":                                           0x2c
  FAT                    uninit   0x08080000     0x2c  cstartup-common.o [12]
                                - 0x0808002c     0x2c

"ResetHeap":                                   0x1488
  RESETHEAP                       0x20000000   0x1488  <Block>
    RESETINFO                     0x20000000     0x98  <Block>
      RESETINFO          rw data  0x20000000      0x0  faults.o [12]
      RESETINFO          rw data  0x20000000      0x0  isr-stubs.o [12]
      RESETINFO          rw data  0x20000000      0x0  spmr.o [35]
      RESETINFO          rw data  0x20000000      0x0  context-switch.o [35]
      RESETINFO          uninit   0x20000000     0x98  cstartup-common.o [12]
    ALIGN_EMHEAP                  0x20000098   0x13f0  <Block>
      EMHEAP                      0x20000098   0x13f0  <Block>
        EMHEAP           uninit   0x20000098   0x13f0  ember-configuration.o [15]
                                - 0x20001488   0x1488

"Guard":                                         0x20
  GUARD_REGION           zero     0x200014a0     0x20  cstartup-common.o [12]
                                - 0x200014c0     0x20

"APP rw":                                      0x1600
  APPRW_block                     0x2000e9f0   0x1600  <Block>
    ALIGN_CSTACK                  0x2000e9f0    0x960  <Block>
      CSTACK                      0x2000e9f0    0x960  <Block>
        CSTACK           rw data  0x2000e9f0      0x0  faults.o [12]
        CSTACK           rw data  0x2000e9f0      0x0  isr-stubs.o [12]
        CSTACK           rw data  0x2000e9f0      0x0  spmr.o [35]
        CSTACK           rw data  0x2000e9f0      0x0  context-switch.o [35]
        CSTACK           uninit   0x2000e9f0    0x960  cstartup-common.o [12]
    rw section .data-1            0x2000f350    0x239  <Init block>
      .data              inited   0x2000f350      0x4  sim-eeprom2.o [18]
      .data              inited   0x2000f354     0x10  serial.o [17]
      .data              inited   0x2000f364     0x10  serial.o [17]
      .data              inited   0x2000f374      0x4  ember-configuration.o [15]
      .data              inited   0x2000f378      0x4  ember-configuration.o [15]
      .data              inited   0x2000f37c      0x4  ember-configuration.o [15]
      .data              inited   0x2000f380      0x4  ember-configuration.o [15]
      .data              inited   0x2000f384      0x4  ember-configuration.o [15]
      .data              inited   0x2000f388      0x4  ember-configuration.o [15]
      .data              inited   0x2000f38c      0x4  ember-configuration.o [15]
      .data              inited   0x2000f390      0x4  ember-configuration.o [15]
      .data              inited   0x2000f394      0x4  ember-configuration.o [15]
      .data              inited   0x2000f398      0x4  ember-configuration.o [15]
      .data              inited   0x2000f39c      0x4  ember-configuration.o [15]
      .data              inited   0x2000f3a0      0x4  ember-configuration.o [15]
      .data              inited   0x2000f3a4      0x4  ember-configuration.o [15]
      .data              inited   0x2000f3a8      0x4  ember-configuration.o [15]
      .data              inited   0x2000f3ac      0x4  ember-configuration.o [15]
      .data              inited   0x2000f3b0      0x4  ember-configuration.o [15]
      .data              inited   0x2000f3b4      0x4  ember-configuration.o [15]
      .data              inited   0x2000f3b8      0x4  ember-configuration.o [15]
      .data              inited   0x2000f3bc      0x4  ember-configuration.o [15]
      .data              inited   0x2000f3c0      0x4  ember-configuration.o [15]
      .data              inited   0x2000f3c4      0x4  ember-configuration.o [15]
      .data              inited   0x2000f3c8      0x4  ember-configuration.o [15]
      .data              inited   0x2000f3cc      0x4  ember-configuration.o [15]
      .data              inited   0x2000f3d0      0x4  ember-configuration.o [15]
      .data              inited   0x2000f3d4      0x4  ember-configuration.o [15]
      .data              inited   0x2000f3d8      0x4  ember-configuration.o [15]
      .data              inited   0x2000f3dc      0x4  ember-configuration.o [15]
      .data              inited   0x2000f3e0      0x4  ember-configuration.o [15]
      .data              inited   0x2000f3e4      0x4  ember-configuration.o [15]
      .data              inited   0x2000f3e8      0xc  micro.o [12]
      .data              inited   0x2000f3f4      0x4  micro.o [12]
      .data              inited   0x2000f3f8      0xc  micro.o [12]
      .data              inited   0x2000f404      0x4  micro.o [12]
      .data              inited   0x2000f408      0x4  micro.o [12]
      .data              inited   0x2000f40c     0x40  mpu.o [12]
      .data              inited   0x2000f44c     0x10  uart.o [12]
      .data              inited   0x2000f45c      0x4  xncp-led-implementation.o [1]
      .data              inited   0x2000f460     0x18  sim-eeprom2-internal.o [52]
      .data              inited   0x2000f478      0x4  micro-internal.o [35]
      .data              inited   0x2000f47c      0xe  analogue.o [54]
      .data              inited   0x2000f48c      0x8  command-handlers-zigbee-pro.o [44]
      .data              inited   0x2000f494     0x30  polling.o [44]
      .data              inited   0x2000f4c4      0x4  association.o [54]
      .data              inited   0x2000f4c8      0x4  beacon-handling.o [54]
      .data              inited   0x2000f4cc      0x8  zigbee-stack.o [54]
      .data              inited   0x2000f4d4      0xc  application-support.o [54]
      .data              inited   0x2000f4e0     0x10  timers.o [31]
      .data              inited   0x2000f4f0      0x2  ember-configuration.o [15]
      .data              inited   0x2000f4f2      0x2  ember-configuration.o [15]
      .data              inited   0x2000f4f4      0x2  ember-configuration.o [15]
      .data              inited   0x2000f4f6      0x2  ember-configuration.o [15]
      .data              inited   0x2000f4f8      0x2  random.o [12]
      .data              inited   0x2000f4fa      0x2  random.o [12]
      .data              inited   0x2000f4fc      0x6  clocks.o [35]
      .data              inited   0x2000f502      0x8  zigbee-device.o [54]
      .data              inited   0x2000f50a      0x2  command-handlers-security.o [45]
      .data              inited   0x2000f50c      0x2  association.o [54]
      .data              inited   0x2000f50e      0x2  aps-security.o [54]
      .data              inited   0x2000f510      0x2  leave.o [54]
      .data              inited   0x2000f512      0xc  phy-common.o [54]
      .data              inited   0x2000f51e      0x2  lower-mac-efr32.o [54]
      .data              inited   0x2000f520      0x4  analogue-mod-dac.o [54]
      .data              inited   0x2000f524      0x4  management.o [54]
      .data              inited   0x2000f528      0x2  end-device-bind.o [33]
      .data              inited   0x2000f52a      0x2  mac-header.o [54]
      .data              inited   0x2000f52c      0x2  source-route-update.o [53]
      .data              inited   0x2000f52e      0x2  child-handling.o [54]
      .data              inited   0x2000f530      0x1  ember-configuration.o [15]
      .data              inited   0x2000f531      0x1  ember-configuration.o [15]
      .data              inited   0x2000f532      0x1  ember-configuration.o [15]
      .data              inited   0x2000f533      0x1  ember-configuration.o [15]
      .data              inited   0x2000f534      0x1  ember-configuration.o [15]
      .data              inited   0x2000f535      0x1  ember-configuration.o [15]
      .data              inited   0x2000f536      0x1  ember-configuration.o [15]
      .data              inited   0x2000f537      0x1  ember-configuration.o [15]
      .data              inited   0x2000f538      0x1  ember-configuration.o [15]
      .data              inited   0x2000f539      0x1  ember-configuration.o [15]
      .data              inited   0x2000f53a      0x1  ember-configuration.o [15]
      .data              inited   0x2000f53b      0x1  ember-configuration.o [15]
      .data              inited   0x2000f53c      0x1  ember-configuration.o [15]
      .data              inited   0x2000f53d      0x1  ember-configuration.o [15]
      .data              inited   0x2000f53e      0x1  ember-configuration.o [15]
      .data              inited   0x2000f53f      0x1  ember-configuration.o [15]
      .data              inited   0x2000f540      0x1  ember-configuration.o [15]
      .data              inited   0x2000f541      0x1  ember-configuration.o [15]
      .data              inited   0x2000f542      0x1  ember-configuration.o [15]
      .data              inited   0x2000f543      0x1  ember-configuration.o [15]
      .data              inited   0x2000f544      0x1  ember-configuration.o [15]
      .data              inited   0x2000f545      0x1  ember-configuration.o [15]
      .data              inited   0x2000f546      0x1  ember-configuration.o [15]
      .data              inited   0x2000f547      0x1  ember-configuration.o [15]
      .data              inited   0x2000f548      0x1  ember-configuration.o [15]
      .data              inited   0x2000f549      0x1  ember-configuration.o [15]
      .data              inited   0x2000f54a      0x1  ember-configuration.o [15]
      .data              inited   0x2000f54b      0x1  ember-configuration.o [15]
      .data              inited   0x2000f54c      0x1  ember-configuration.o [15]
      .data              inited   0x2000f54d      0x1  ember-configuration.o [15]
      .data              inited   0x2000f54e      0x1  ember-configuration.o [15]
      .data              inited   0x2000f54f      0x1  ember-configuration.o [15]
      .data              inited   0x2000f550      0x1  serial-interface-uart.o [15]
      .data              inited   0x2000f551      0x1  packet-buffer.o [54]
      .data              inited   0x2000f552      0x3  ash-ncp.o [39]
      .data              inited   0x2000f555      0x1  stack-callbacks.o [31]
      .data              inited   0x2000f556      0x1  debug.o [28]
      .data              inited   0x2000f557      0x2  analogue.o [54]
      .data              inited   0x2000f559      0x1  trust-center-util.o [54]
      .data              inited   0x2000f55a      0x1  aps-retry.o [54]
      .data              inited   0x2000f55b      0x1  command-handlers-binding.o [40]
      .data              inited   0x2000f55c      0x1  command-handlers-cbke.o [41]
      .data              inited   0x2000f55d      0x2  command-handlers-zigbee-pro.o [44]
      .data              inited   0x2000f55f      0x1  aps-keys-transient.o [50]
      .data              inited   0x2000f560      0x1  gp-data.o [34]
      .data              inited   0x2000f561      0x1  zigbee-device-util.o [54]
      .data              inited   0x2000f562      0x1  zigbee-device-util.o [54]
      .data              inited   0x2000f563      0x1  zigbee-device-util.o [54]
      .data              inited   0x2000f564      0x3  scan.o [54]
      .data              inited   0x2000f567      0x1  association.o [54]
      .data              inited   0x2000f568      0x1  association.o [54]
      .data              inited   0x2000f569      0x1  beacon-handling.o [54]
      .data              inited   0x2000f56a      0x1  beacon-handling.o [54]
      .data              inited   0x2000f56b      0x1  aps-security.o [54]
      .data              inited   0x2000f56c      0x1  aps-keys.o [54]
      .data              inited   0x2000f56d      0x1  neighbor.o [54]
      .data              inited   0x2000f56e      0x1  neighbor.o [54]
      .data              inited   0x2000f56f      0x1  network.o [54]
      .data              inited   0x2000f570      0x1  network.o [54]
      .data              inited   0x2000f571      0x1  network.o [54]
      .data              inited   0x2000f572      0x1  command-handlers.o [31]
      .data              inited   0x2000f573      0x1  ember-multi-network-stub.o [38]
      .data              inited   0x2000f574      0x2  mac-indirect.o [54]
      .data              inited   0x2000f576      0x1  phy-common.o [54]
      .data              inited   0x2000f577      0x1  lower-mac-efr32.o [54]
      .data              inited   0x2000f578      0x1  lower-mac-efr32.o [54]
      .data              inited   0x2000f579      0x2  main.o [31]
      .data              inited   0x2000f57b      0x1  source-route-table.o [53]
      .data              inited   0x2000f57c      0x1  random-id.o [54]
      .data              inited   0x2000f57d      0x3  zdo-channel.o [54]
      .data              inited   0x2000f580      0x1  endpoint-data.o [44]
      .data              inited   0x2000f581      0x1  broadcast.o [54]
      .data              inited   0x2000f582      0x2  token-cache.o [54]
      .data              inited   0x2000f584      0x1  route-discovery.o [54]
      .data              inited   0x2000f585      0x2  jit.o [54]
      .data              inited   0x2000f587      0x1  mac-dispatch.o [54]
      .data              inited   0x2000f588      0x1  packet-validate.o [48]
    .bss                          0x2000f590    0xa64  <Block>
      .bss               zero     0x2000f590     0x10  mac-indirect.o [54]
      .bss               zero     0x2000f5a0    0x14c  sim-eeprom2.o [18]
      .bss               zero     0x2000f6ec     0x24  sim-eeprom2.o [18]
      .bss               zero     0x2000f710     0x48  serial.o [17]
      .bss               zero     0x2000f758     0x18  serial.o [17]
      .bss               zero     0x2000f770     0x48  serial.o [17]
      .bss               zero     0x2000f7b8     0x48  serial.o [17]
      .bss               zero     0x2000f800      0x4  serial.o [17]
      .bss               zero     0x2000f804      0x8  serial.o [17]
      .bss               zero     0x2000f80c     0x30  ember-configuration.o [15]
      .bss               zero     0x2000f83c      0x4  serial-interface-uart.o [15]
      .bss               zero     0x2000f840      0x8  cstartup-common.o [12]
      .bss               zero     0x2000f848      0x4  sleep.o [12]
      .bss               zero     0x2000f84c     0x10  ccm-star.o [5]
      .bss               zero     0x2000f85c      0x4  ccm-star.o [5]
      .bss               zero     0x2000f860      0x4  ccm-star.o [5]
      .bss               zero     0x2000f864      0x8  adc-em3xx.o [2]
      .bss               zero     0x2000f86c      0x8  adc-em3xx.o [2]
      .bss               zero     0x2000f874      0x8  xncp-led-implementation.o [1]
      .bss               zero     0x2000f87c      0x8  phy.o [54]
      .bss               zero     0x2000f884     0x28  phy.o [54]
      .bss               zero     0x2000f8ac      0xc  debug-extended.o [29]
      .bss               zero     0x2000f8b8     0x10  sim-eeprom2-internal.o [52]
      .bss               zero     0x2000f8c8      0x4  system-timer.o [35]
      .bss               zero     0x2000f8cc      0x4  ezsp-frame-utilities.o [31]
      .bss               zero     0x2000f8d0      0x4  ezsp-frame-utilities.o [31]
      .bss               zero     0x2000f8d4     0x1c  ash-ncp.o [39]
      .bss               zero     0x2000f8f0      0xc  context-switch.o [35]
      .bss               zero     0x2000f8fc     0x24  analogue.o [54]
      .bss               zero     0x2000f920      0xe  aps-retry.o [54]
      .bss               zero     0x2000f92e      0x2  serial-interface-uart.o [15]
      .bss               zero     0x2000f930      0x8  polling.o [44]
      .bss               zero     0x2000f938      0x8  polling.o [44]
      .bss               zero     0x2000f940      0x8  polling.o [44]
      .bss               zero     0x2000f948      0x8  polling.o [44]
      .bss               zero     0x2000f950     0x10  aps-keys-transient.o [50]
      .bss               zero     0x2000f960     0x20  gp-data.o [34]
      .bss               zero     0x2000f980      0xc  gp-data.o [34]
      .bss               zero     0x2000f98c     0x18  gp-data.o [34]
      .bss               zero     0x2000f9a4     0x14  zigbee-device-util.o [54]
      .bss               zero     0x2000f9b8     0x3c  scan.o [54]
      .bss               zero     0x2000f9f4     0x2c  association.o [54]
      .bss               zero     0x2000fa20      0xc  association.o [54]
      .bss               zero     0x2000fa2c     0x18  association.o [54]
      .bss               zero     0x2000fa44      0xc  beacon-handling.o [54]
      .bss               zero     0x2000fa50     0x14  beacon-handling.o [54]
      .bss               zero     0x2000fa64     0x10  aps-security.o [54]
      .bss               zero     0x2000fa74      0x8  aps-keys.o [54]
      .bss               zero     0x2000fa7c      0x8  neighbor.o [54]
      .bss               zero     0x2000fa84      0x8  zll-stubs.o [56]
      .bss               zero     0x2000fa8c      0x8  zll-stubs.o [56]
      .bss               zero     0x2000fa94      0x8  gp-sink-table.o [34]
      .bss               zero     0x2000fa9c      0xc  leave.o [54]
      .bss               zero     0x2000faa8      0x4  network.o [54]
      .bss               zero     0x2000faac     0x10  network.o [54]
      .bss               zero     0x2000fabc      0x8  network.o [54]
      .bss               zero     0x2000fac4      0x8  timers.o [31]
      .bss               zero     0x2000facc      0x8  timers.o [31]
      .bss               zero     0x2000fad4      0x8  ember-multi-network-stub.o [38]
      .bss               zero     0x2000fadc      0x8  ember-multi-network-stub.o [38]
      .bss               zero     0x2000fae4      0x8  ember-multi-network-stub.o [38]
      .bss               zero     0x2000faec      0xa  mac-indirect.o [54]
      .bss               zero     0x2000faf6      0x2  serial-interface-uart.o [15]
      .bss               zero     0x2000faf8      0xc  phy-common.o [54]
      .bss               zero     0x2000fb04     0x8c  lower-mac-efr32.o [54]
      .bss               zero     0x2000fb90      0x8  lower-mac-efr32.o [54]
      .bss               zero     0x2000fb98      0x8  symbol-timer.o [54]
      .bss               zero     0x2000fba0      0x8  eui64.o [54]
      .bss               zero     0x2000fba8      0x8  management.o [54]
      .bss               zero     0x2000fbb0      0xc  zigbee-dispatch.o [54]
      .bss               zero     0x2000fbbc     0x1c  end-device-bind.o [33]
      .bss               zero     0x2000fbd8     0x10  zdo-channel.o [54]
      .bss               zero     0x2000fbe8      0xc  broadcast.o [54]
      .bss               zero     0x2000fbf4      0x4  aps-encryption.o [54]
      .bss               zero     0x2000fbf8     0x10  retry.o [54]
      .bss               zero     0x2000fc08      0xc  jit.o [54]
      .bss               zero     0x2000fc14      0xc  memory-allocation.o [31]
      .bss               zero     0x2000fc20      0xc  mac-header.o [54]
      .bss               zero     0x2000fc2c     0x16  source-route-update.o [53]
      .bss               zero     0x2000fc42      0x2  cstartup-common.o [12]
      .bss               zero     0x2000fc44     0x1d  upper-mac.o [54]
      .bss               zero     0x2000fc61      0x3  analogue-vco.o [54]
      .bss               zero     0x2000fc64      0x4  upper-mac.o [54]
      .bss               zero     0x2000fc68      0x8  upper-mac.o [54]
      .bss               zero     0x2000fc70      0x8  upper-mac.o [54]
      .bss               zero     0x2000fc78     0x10  child-handling.o [54]
      .bss               zero     0x2000fc88      0x8  child-handling.o [54]
      .bss               zero     0x2000fc90      0x8  enhanced-beacon-request-stub.o [55]
      .bss               zero     0x2000fc98     0x11  unicast-table.o [54]
      .bss               zero     0x2000fca9      0x3  security-address-cache.o [44]
      .bss               zero     0x2000fcac      0x8  neighbor-exchange.o [54]
      .bss               zero     0x2000fcb4      0x8  cal-pads.o [54]
      .bss               zero     0x2000fcbc      0x8  duty-cycle-stub.o [54]
      .bss               zero     0x2000fcc4     0x10  store-forward.o [54]
      .bss               zero     0x2000fcd4     0x54  counters.o [31]
      .bss               zero     0x2000fd28     0x54  counters.o [31]
      .bss               zero     0x2000fd7c     0x44  counters.o [31]
      .bss               zero     0x2000fdc0     0x84  counters.o [31]
      .bss               zero     0x2000fe44      0x2  adc-em3xx.o [2]
      .bss               zero     0x2000fe46      0x2  adc-em3xx.o [2]
      .bss               zero     0x2000fe48    0x114  phy.o [54]
      .bss               zero     0x2000ff5c      0x6  stack-callbacks.o [31]
      .bss               zero     0x2000ff62      0x6  analogue.o [54]
      .bss               zero     0x2000ff68      0x4  zigbee-device.o [54]
      .bss               zero     0x2000ff6c      0x4  route-table.o [54]
      .bss               zero     0x2000ff70      0x2  network.o [54]
      .bss               zero     0x2000ff72      0xa  mfglib.o [37]
      .bss               zero     0x2000ff7c      0x8  command-handlers.o [31]
      .bss               zero     0x2000ff84      0x6  phy-common.o [54]
      .bss               zero     0x2000ff8a      0x4  ash-common.o [39]
      .bss               zero     0x2000ff8e      0x8  ash-common.o [39]
      .bss               zero     0x2000ff96      0x6  ash-common.o [39]
      .bss               zero     0x2000ff9c      0x4  analogue-mod-dac.o [54]
      .bss               zero     0x2000ffa0      0x2  jit.o [54]
      .bss               zero     0x2000ffa2      0x1  ember-configuration.o [15]
      .bss               zero     0x2000ffa3      0x1  ember-configuration.o [15]
      .bss               zero     0x2000ffa4      0x1  ember-configuration.o [15]
      .bss               zero     0x2000ffa5      0x1  ember-configuration.o [15]
      .bss               zero     0x2000ffa6      0x1  ember-configuration.o [15]
      .bss               zero     0x2000ffa7      0x1  ember-configuration.o [15]
      .bss               zero     0x2000ffa8      0x1  ember-configuration.o [15]
      .bss               zero     0x2000ffa9      0x1  ember-configuration.o [15]
      .bss               zero     0x2000ffaa      0x1  ember-configuration.o [15]
      .bss               zero     0x2000ffab      0x1  ember-configuration.o [15]
      .bss               zero     0x2000ffac      0x1  micro-common.o [12]
      .bss               zero     0x2000ffad      0x1  token.o [12]
      .bss               zero     0x2000ffae      0x1  token.o [12]
      .bss               zero     0x2000ffaf      0x1  debug-jtag-em3xx.o [7]
      .bss               zero     0x2000ffb0      0x1  coexistence-hal.o [6]
      .bss               zero     0x2000ffb1      0x1  adc-em3xx.o [2]
      .bss               zero     0x2000ffb2      0x1  adc-em3xx.o [2]
      .bss               zero     0x2000ffb3      0x1  adc-em3xx.o [2]
      .bss               zero     0x2000ffb4      0x1  adc-em3xx.o [2]
      .bss               zero     0x2000ffb5      0x1  ncp-callback-stubs.o [1]
      .bss               zero     0x2000ffb6      0x1  xncp-led-implementation.o [1]
      .bss               zero     0x2000ffb7      0x2  phy.o [54]
      .bss               zero     0x2000ffb9      0x2  phy.o [54]
      .bss               zero     0x2000ffbb      0x2  phy.o [54]
      .bss               zero     0x2000ffbd      0x1  phy.o [54]
      .bss               zero     0x2000ffbe      0x1  phy.o [54]
      .bss               zero     0x2000ffbf      0x1  debug-extended.o [29]
      .bss               zero     0x2000ffc0      0x1  system-timer.o [35]
      .bss               zero     0x2000ffc1      0x1  flash.o [35]
      .bss               zero     0x2000ffc2      0x1  micro-common-internal.o [35]
      .bss               zero     0x2000ffc3      0x5  clocks.o [35]
      .bss               zero     0x2000ffc8      0x1  analogue.o [54]
      .bss               zero     0x2000ffc9      0x2  analogue.o [54]
      .bss               zero     0x2000ffcb      0x1  trust-center-util.o [54]
      .bss               zero     0x2000ffcc      0x1  aps-keys-transient.o [50]
      .bss               zero     0x2000ffcd      0x1  association.o [54]
      .bss               zero     0x2000ffce      0x1  association.o [54]
      .bss               zero     0x2000ffcf      0x2  aps-keys.o [54]
      .bss               zero     0x2000ffd1      0x1  neighbor.o [54]
      .bss               zero     0x2000ffd2      0x1  neighbor.o [54]
      .bss               zero     0x2000ffd3      0x1  zigbee-stack.o [54]
      .bss               zero     0x2000ffd4      0x1  application-support.o [54]
      .bss               zero     0x2000ffd5      0x1  application-support.o [54]
      .bss               zero     0x2000ffd6      0x1  network.o [54]
      .bss               zero     0x2000ffd7      0x1  command-handlers.o [31]
      .bss               zero     0x2000ffd8      0x1  command-handlers.o [31]
      .bss               zero     0x2000ffd9      0x2  event-control.o [54]
      .bss               zero     0x2000ffdb      0x1  phy-common.o [54]
      .bss               zero     0x2000ffdc      0x1  phy-common.o [54]
      .bss               zero     0x2000ffdd      0x1  phy-common.o [54]
      .bss               zero     0x2000ffde      0x1  lower-mac-efr32.o [54]
      .bss               zero     0x2000ffdf      0x1  lower-mac-efr32.o [54]
      .bss               zero     0x2000ffe0      0x1  ash-common.o [39]
      .bss               zero     0x2000ffe1      0x1  main.o [31]
      .bss               zero     0x2000ffe2      0x1  management.o [54]
      .bss               zero     0x2000ffe3      0x1  source-route-table.o [53]
      .bss               zero     0x2000ffe4      0x1  zigbee-dispatch.o [54]
      .bss               zero     0x2000ffe5      0x1  random-id.o [54]
      .bss               zero     0x2000ffe6      0x1  random-id.o [54]
      .bss               zero     0x2000ffe7      0x1  child.o [54]
      .bss               zero     0x2000ffe8      0x1  endpoint-data.o [44]
      .bss               zero     0x2000ffe9      0x1  route-discovery.o [54]
      .bss               zero     0x2000ffea      0x1  mac-header.o [54]
      .bss               zero     0x2000ffeb      0x1  command.o [54]
      .bss               zero     0x2000ffec      0x1  child-handling.o [54]
                                - 0x2000fff0   0x1600

"DEBUGCHAN":                                     0x10
  DEBUG_CHANNEL                   0x2000fff0     0x10  <Block>
    DEBUG_CHANNEL        zero     0x2000fff0     0x10  debug-jtag-em3xx.o [7]
                                - 0x20010000     0x10


*******************************************************************************
*** INIT TABLE
***

          Address     Size
          -------     ----
Zero (__iar_zero_init3)
    3 destination ranges, total size 0xa8d:
          0x200014a0   0x20
          0x2000f590  0xa5d
          0x2000fff0   0x10

Copy/lz77 (__iar_lz77_init_single3)
    1 source range, total size 0x1ac (75% of destination):
          0x08026663  0x1ac
    1 destination range, total size 0x239:
          0x2000f350  0x239



*******************************************************************************
*** MODULE SUMMARY
***

    Module                                      ro code  ro data  rw data
    ------                                      -------  -------  -------
C:\Users\robbin\SimplicityStudio\v4_workspace\xncp-led_3\IAR ARM - Default - EM3588: [1]
    ezsp-command-handler.o                        5 246       80
    ncp-bookkeeping.o                               246
    ncp-callback-stubs.o                            208       24        1
    ncp-events.o                                              64
    xncp-led-implementation.o                       182        3       13
    ---------------------------------------------------------------------
    Total:                                        5 882      171       14

C:\Users\robbin\SimplicityStudio\v4_workspace\xncp-led_3\IAR ARM - Default - EM3588\adc\EM3588: [2]
    adc-em3xx.o                                     272                24
    ---------------------------------------------------------------------
    Total:                                          272                24

C:\Users\robbin\SimplicityStudio\v4_workspace\xncp-led_3\IAR ARM - Default - EM3588\antenna-stub: [3]
    antenna-stub.o                                   30
    ---------------------------------------------------------------------
    Total:                                           30

C:\Users\robbin\SimplicityStudio\v4_workspace\xncp-led_3\IAR ARM - Default - EM3588\button-stub: [4]
    ---------------------------------------------------------------------
    Total:

C:\Users\robbin\SimplicityStudio\v4_workspace\xncp-led_3\IAR ARM - Default - EM3588\ccm-encryption: [5]
    ccm-star.o                                      452                24
    ---------------------------------------------------------------------
    Total:                                          452                24

C:\Users\robbin\SimplicityStudio\v4_workspace\xncp-led_3\IAR ARM - Default - EM3588\coexistence-stub\EM3588: [6]
    coexistence-802154.o                              8
    coexistence-hal.o                               428                 1
    ---------------------------------------------------------------------
    Total:                                          436                 1

C:\Users\robbin\SimplicityStudio\v4_workspace\xncp-led_3\IAR ARM - Default - EM3588\debug-channel\EM3588: [7]
    debug-jtag-em3xx.o                              682                17
    ---------------------------------------------------------------------
    Total:                                          682                17

C:\Users\robbin\SimplicityStudio\v4_workspace\xncp-led_3\IAR ARM - Default - EM3588\diagnostic-stub: [8]
    ---------------------------------------------------------------------
    Total:

C:\Users\robbin\SimplicityStudio\v4_workspace\xncp-led_3\IAR ARM - Default - EM3588\ember-minimal-printf: [9]
    ember-printf.o                                  632       36
    ---------------------------------------------------------------------
    Total:                                          632       36

C:\Users\robbin\SimplicityStudio\v4_workspace\xncp-led_3\IAR ARM - Default - EM3588\ext-device\EM3588: [10]
    ---------------------------------------------------------------------
    Total:

C:\Users\robbin\SimplicityStudio\v4_workspace\xncp-led_3\IAR ARM - Default - EM3588\external-generated-files: [11]
    bootloader-interface-standalone.o               120
    bootloader-interface.o                           12
    ---------------------------------------------------------------------
    Total:                                          132

C:\Users\robbin\SimplicityStudio\v4_workspace\xncp-led_3\IAR ARM - Default - EM3588\hal-library\EM3588: [12]
    assert-crash-handlers.o                         500       20
    crc.o                                            38
    cstartup-common.o                               168      316    2 594
    faults.o                                        124
    isr-stubs.o
    mem-util.o                                      184
    mfg-token.o                                     234       66
    micro-common.o                                  188                 1
    micro.o                                         570       27       36
    mpu.o                                            64       48       64
    random.o                                         80        3        4
    sleep.o                                       1 592        8        4
    token-def.o                                              926
    token.o                                         332       12        2
    uart.o                                        1 920       40       16
    ---------------------------------------------------------------------
    Total:                                        5 994    1 466    2 721

C:\Users\robbin\SimplicityStudio\v4_workspace\xncp-led_3\IAR ARM - Default - EM3588\hal-library\EM3588\iar: [13]
    irqToIsrTrampolines_em358x.o                    112
    ---------------------------------------------------------------------
    Total:                                          112

C:\Users\robbin\SimplicityStudio\v4_workspace\xncp-led_3\IAR ARM - Default - EM3588\led\EM3588: [14]
    led.o                                           130
    ---------------------------------------------------------------------
    Total:                                          130

C:\Users\robbin\SimplicityStudio\v4_workspace\xncp-led_3\IAR ARM - Default - EM3588\ncp-uart: [15]
    em260-common.o                                  488        4
    ember-configuration.o                            16      118    5 318
    serial-interface-uart.o                         538       25        9
    ---------------------------------------------------------------------
    Total:                                        1 042      147    5 327

C:\Users\robbin\SimplicityStudio\v4_workspace\xncp-led_3\IAR ARM - Default - EM3588\secure-ezsp-stub: [16]
    command-handlers-secure-ezsp-stub.o              16
    secure-ezsp-stub.o                               22
    ---------------------------------------------------------------------
    Total:                                           38

C:\Users\robbin\SimplicityStudio\v4_workspace\xncp-led_3\IAR ARM - Default - EM3588\serial\EM3588: [17]
    serial.o                                      1 236       60      284
    ---------------------------------------------------------------------
    Total:                                        1 236       60      284

C:\Users\robbin\SimplicityStudio\v4_workspace\xncp-led_3\IAR ARM - Default - EM3588\sim-eeprom2\EM3588: [18]
    sim-eeprom2.o                                   164      140   37 236
    ---------------------------------------------------------------------
    Total:                                          164      140   37 236

C:\Users\robbin\SimplicityStudio\v4_workspace\xncp-led_3\IAR ARM - Default - EM3588\strong-random: [19]
    strong-random-api.o                              20
    ---------------------------------------------------------------------
    Total:                                           20

command line: [20]
    ---------------------------------------------------------------------
    Total:

binding-table-library.a: [21]
    binding-table.o                               1 284        1
    zdo-binding-table.o                             444
    ---------------------------------------------------------------------
    Total:                                        1 728        1

cbke-163k1-stub-library.a: [22]
    cbke-crypto-engine-163k1-stub.o                  26        1
    ---------------------------------------------------------------------
    Total:                                           26        1

cbke-283k1-stub-library.a: [23]
    cbke-crypto-engine-283k1-stub.o                  26        1
    ---------------------------------------------------------------------
    Total:                                           26        1

cbke-library-dsa-sign-stub.a: [24]
    cbke-crypto-engine-dsa-sign-stub.o                8        1
    ---------------------------------------------------------------------
    Total:                                            8        1

cbke-library-dsa-verify-283k1-stub.a: [25]
    cbke-crypto-engine-dsa-verify-283k1-stub.o        4        1
    ---------------------------------------------------------------------
    Total:                                            4        1

cbke-library-dsa-verify-stub.a: [26]
    cbke-crypto-engine-dsa-verify-stub.o              4        1
    ---------------------------------------------------------------------
    Total:                                            4        1

cbke-stub-library.a: [27]
    cbke-crypto-engine-stub.o                        18        1
    ---------------------------------------------------------------------
    Total:                                           18        1

debug-basic-library.a: [28]
    debug.o                                         764        1        1
    ---------------------------------------------------------------------
    Total:                                          764        1        1

debug-extended-library.a: [29]
    debug-extended.o                                230                13
    ---------------------------------------------------------------------
    Total:                                          230                13

dl7M_tln.a: [30]
    abs.o                                             8
    exit.o                                            4
    low_level_init.o                                  4
    ---------------------------------------------------------------------
    Total:                                           16

em260-uart-util-library.a: [31]
    command-handlers.o                            3 546        1       11
[...]
radioTransmitConfig     0x2000f4cc     0x8  Data  Gb  zigbee-stack.o [54]
reCalibrateVref         0x2000ffca     0x1  Data  Gb  analogue.o [54]
reTxQueue               0x2000f552     0x1  Data  Lc  ash-ncp.o [39]
readCounterTokenValue   0x080054d5    0x34  Code  Lc  sim-eeprom2-internal.o [52]
readEndDeviceBindRequestEui64
                        0x080221ed    0x16  Code  Lc  end-device-bind.o [33]
readNetworkTokens       0x080159ef    0x56  Code  Lc  association.o [54]
readNodeData            0x08015a45     0xc  Code  Lc  association.o [54]
reallyMatchEndDeviceBindRequests
                        0x08022373   0x118  Code  Lc  end-device-bind.o [33]
recalculateMacDataPendingBitField
                        0x0800ff05    0x36  Code  Lc  mac-indirect.o [54]
recalculateMemoryAllocation
                        0x08013671   0x218  Code  Gb  memory-allocation.o [31]
receivedTimeoutResponse
                        0x2000fc78     0x1  Data  Gb  child-handling.o [54]
recyclePendingAckedMessages
                        0x0801cab5    0x40  Code  Lc  aps-retry.o [54]
reenqueueStoreAndForwardSubmitHead
                        0x08017ce9    0x5c  Code  Lc  store-forward.o [54]
reenqueueSubmitHead     0x08017ae5    0x7e  Code  Lc  retry.o [54]
rejoinMode              0x2000f56b     0x1  Data  Lc  aps-security.o [54]
remainingMemory         0x2000fc1c     0x4  Data  Lc  memory-allocation.o [31]
removeFromBuffer        0x0800e221    0x2e  Code  Lc  network.o [54]
repairCounter           0x2000f8ba     0x2  Data  Lc  sim-eeprom2-internal.o [52]
repairTokElementsToSpare
                        0x08004c3f   0x1da  Code  Lc  sim-eeprom2-internal.o [52]
requestKeyBuffer        0x2000f559     0x1  Data  Lc  trust-center-util.o [54]
resetRejoiningNeighborsFC
                        0x2000f56e     0x1  Data  Lc  neighbor.o [54]
responseSequence        0x2000ff7d     0x1  Data  Gb  command-handlers.o [31]
responseTimeoutRemaining
                        0x2000fc79     0x1  Data  Gb  child-handling.o [54]
responseTruncated       0x2000ff7f     0x1  Data  Gb  command-handlers.o [31]
retryCurrentMessageInUpdateTcLinkKey
                        0x0801e3cb    0x3a  Code  Gb  aps-keys.o [54]
rhoActive               0x2000ffbe     0x1  Data  Lc  phy.o [54]
rhoState                0x2000ffb0     0x1  Data  Lc  coexistence-hal.o [6]
rmwRadioPowerCfgReg     0x08007f17    0x3a  Code  Lc  micro.o [12]
rmwRadioPowerOutReg     0x08007f51    0x32  Code  Lc  micro.o [12]
routeErrorCount         0x2000fc2f     0x1  Data  Lc  source-route-update.o [53]
routeErrorThreshold     0x2000fc2c     0x1  Data  Lc  source-route-update.o [53]
routeRequestId          0x2000ffe9     0x1  Data  Lc  route-discovery.o [54]
routeTableTimer         0x2000ff6c     0x1  Data  Lc  route-table.o [54]
routingShortcutThreshold
                        0x2000f56d     0x1  Data  Lc  neighbor.o [54]
runEventHandler         0x0801ccd9   0x150  Code  Lc  aps-retry.o [54]
rxBuffer                0x2000fe48   0x114  Data  Lc  phy.o [54]
rxBuffer                0x2000f8ea     0x2  Data  Lc  ash-ncp.o [39]
rxDataBuffer            0x2000f8e2     0x1  Data  Lc  ash-ncp.o [39]
rxFirstDataBuffer       0x2000f8e3     0x1  Data  Lc  ash-ncp.o [39]
rxLen                   0x2000f8e4     0x1  Data  Lc  ash-ncp.o [39]
rxMic                   0x2000f85c     0x4  Data  Lc  ccm-star.o [5]
sampleVcoTune           0x0800d945    0x48  Code  Lc  analogue-mod-dac.o [54]
save283k1Data           0x080234f5    0x36  Code  Lc  command-handlers-cbke.o [41]
savedAssertInfo         0x2000f840     0x8  Data  Lc  cstartup-common.o [12]
savedControl            0x2000f8f8          Data  Gb  context-switch.o [35]
savedMSP                0x2000f8f0          Data  Gb  context-switch.o [35]
savedPSP                0x2000f8f4          Data  Gb  context-switch.o [35]
savedRequests           0x2000fbbc    0x10  Data  Lc  end-device-bind.o [33]
savedResetCause         0x2000fc42     0x2  Data  Lc  cstartup-common.o [12]
scanChannelMask         0x2000f9d4     0x4  Data  Lc  scan.o [54]
scanDataCache           0x2000f566     0x1  Data  Gb  scan.o [54]
scanDuration            0x2000f9b9     0x1  Data  Lc  scan.o [54]
scanFrameCounter        0x2000f9d0     0x4  Data  Lc  scan.o [54]
scanRequestHeader       0x2000f57e     0x1  Data  Lc  zdo-channel.o [54]
scanResults             0x2000f57f     0x1  Data  Lc  zdo-channel.o [54]
scanTransmitRetries     0x2000f9ba     0x1  Data  Lc  scan.o [54]
scansRemaining          0x2000fbdb     0x1  Data  Lc  zdo-channel.o [54]
scheduleHalSysTickIsrMicroseconds
                        0x080099df     0xa  Code  Lc  clocks.o [35]
score                   0x0801c251     0xc  Code  Lc  neighbor-exchange.o [54]
securityAddToAddressCache
                        0x0801429d    0x7c  Code  Gb  security-address-cache.o [44]
securityAddressCacheInit
                        0x08014291     0xc  Code  Gb  security-address-cache.o [44]
seed0                   0x2000f4f8     0x2  Data  Gb  random.o [12]
seed1                   0x2000f4fa     0x2  Data  Gb  random.o [12]
sendAckedUnicast        0x0801ce29    0xfa  Code  Lc  aps-retry.o [54]
sendAddressDiscoveryNextEvent
                        0x2000fc31     0x1  Data  Lc  source-route-update.o [53]
sendApplicationKeys     0x0801ef5b    0xe4  Code  Lc  trust-center-util.o [54]
sendBindRequest         0x080224e9    0xd2  Code  Lc  end-device-bind.o [33]
sendCallbackResponse    0x080230fb    0x20  Code  Gb  command-handlers.o [31]
sendFromEui             0x2000f4d8     0x8  Data  Lc  application-support.o [54]
sendFromSource          0x2000f4d4     0x2  Data  Lc  application-support.o [54]
sendJoinRequest         0x08014c89    0x66  Code  Lc  association.o [54]
sendLeaveCommand        0x0801c0c3    0x88  Code  Lc  leave.o [54]
sendMessageToVerifyTransientLinkKey
                        0x080130b7    0x84  Code  Lc  aps-security.o [54]
sendNeighborExchange    0x0801c1a9    0xa8  Code  Lc  neighbor-exchange.o [54]
sendNetworkKey          0x0801ed1d    0x10  Code  Lc  trust-center-util.o [54]
sendNwkLeaveAnnounceWithOptions
                        0x2000f563     0x1  Data  Gb  zigbee-device-util.o [54]
sendRejoinRequest       0x08014f35    0xfe  Code  Lc  association.o [54]
sendResponse            0x08023121   0x13e  Code  Lc  command-handlers.o [31]
sendState               0x2000f8d8     0x1  Data  Lc  ash-ncp.o [39]
sendUnknownNetworkCommandResponse
                        0x0800f947    0x52  Code  Gb  network.o [54]
sendUpdateDevice        0x08012dbd    0x4c  Code  Lc  aps-security.o [54]
sequenceNumber          0x2000ffaf     0x1  Data  Lc  debug-jtag-em3xx.o [7]
serialAllocateBuffers   0x08014437    0x1a  Code  Gb  serial-interface-uart.o [15]
serialBufferState       0x2000f44c    0x10  Data  Lc  uart.o [12]
serialCallbackResponse  0x08014505    0xc2  Code  Gb  serial-interface-uart.o [15]
serialCommandReceived   0x08014451    0x46  Code  Gb  serial-interface-uart.o [15]
serialDebugTrace        0x080144b5    0x12  Code  Gb  serial-interface-uart.o [15]
serialDelayTest         0x080145c7    0x12  Code  Gb  serial-interface-uart.o [15]
serialFillBufferFromCommand
                        0x080144c7    0x28  Code  Gb  serial-interface-uart.o [15]
serialGetCommandLength  0x080144ef     0xc  Code  Gb  serial-interface-uart.o [15]
serialInit              0x080143f5    0x2e  Code  Gb  serial-interface-uart.o [15]
serialOkToBootload      0x080207b9    0x40  Code  Gb  ash-ncp.o [39]
serialPendingCallbacks  0x0801460d     0x2  Code  Gb  serial-interface-uart.o [15]
serialRegData           0x2000f8fc    0x24  Data  Lc  analogue.o [54]
serialReleaseBuffers    0x08014423    0x14  Code  Gb  serial-interface-uart.o [15]
serialResponseReady     0x08014497    0x1e  Code  Gb  serial-interface-uart.o [15]
serialSetResponseLength
                        0x080144fb     0xa  Code  Gb  serial-interface-uart.o [15]
serverMask              0x2000ff6a     0x2  Data  Gb  zigbee-device.o [54]
setCallbackQueueBufferLength
                        0x0800b7b5    0x22  Code  Gb  stack-callbacks.o [31]
setCallbackQueueByte    0x0800b801     0xc  Code  Gb  stack-callbacks.o [31]
setCfgReg               0x08024021    0x14  Code  Lc  em260-common.o [15]
setCfgValue             0x080240d9    0x1c  Code  Lc  em260-common.o [15]
setEventDelay           0x080216d5    0x20  Code  Gb  timers.o [31]
setNonvolatileBinding   0x0801f4b7    0x2e  Code  Lc  binding-table.o [21]
setOrDeleteBinding      0x0802382b    0x38  Code  Lc  command-handlers-binding.o [40]
setOrOverrideTrustCenterEui64
                        0x0801e0bf    0x24  Code  Lc  aps-keys.o [54]
setOutReg               0x0802400d    0x14  Code  Lc  em260-common.o [15]
setOutValue             0x08024101    0x1a  Code  Lc  em260-common.o [15]
setRadioParameters      0x08015885    0x56  Code  Lc  association.o [54]
setTxStepTime           0x08008c59    0x38  Code  Lc  analogue.o [54]
sfdRecvNotificationEnabled
                        0x2000ffb8     0x1  Data  Lc  phy.o [54]
shift                   0x0800a5a5    0x10  Code  Lc  random.o [12]
shortIndirectPool       0x2000f575     0x1  Data  Lc  mac-indirect.o [54]
simEe1Found             0x2000f8b8     0x1  Data  Gb  sim-eeprom2-internal.o [52]
simEe1ReadCounterToken  0x08006da9     0x2  Code  Gb  sim-eeprom2-internal-1to2upgrade-stub.o [51]
simEeErasePage          0x080043ff    0x18  Code  Lc  sim-eeprom2-internal.o [52]
simEeReadTokenData      0x0800446f    0x32  Code  Gb  sim-eeprom2-internal.o [52]
simEeSetDataActiveSemaphore
                        0x2000ffae     0x1  Data  Gb  token.o [12]
simEeWriteTokenData     0x08004417    0x58  Code  Lc  sim-eeprom2-internal.o [52]
simulatedEepromAddress  0x2000f350     0x4  Data  Gb  sim-eeprom2.o [18]
simulatedEepromStorage  0x08077000  0x9000  Data  Gb  sim-eeprom2.o [18]
sizeCache               0x080260cc    0x24  Data  Gb  sim-eeprom2.o [18]
sleepMode               0x2000ffe1     0x1  Data  Gb  main.o [31]
sleepTimerInterruptOccurred
                        0x2000ffc0     0x1  Data  Gb  system-timer.o [35]
sleepTimerWrapCounter   0x2000f8c8     0x4  Data  Gb  system-timer.o [35]
sleepyBroadcastInfo     0x2000fc08     0x1  Data  Lc  jit.o [54]
soFullRepairIsNeeded    0x2000f8b9     0x1  Data  Lc  sim-eeprom2-internal.o [52]
sourceRouteIndexInUseByFurtherNode
                        0x08013eb7    0x32  Code  Gb  source-route-table.o [53]
sparePage               0x2000f8c4     0x4  Data  Gb  sim-eeprom2-internal.o [52]
spreadModDac1           0x2000ff9c     0x2  Data  Lc  analogue-mod-dac.o [54]
spreadModDac2           0x2000ff9e     0x2  Data  Lc  analogue-mod-dac.o [54]
stackEvents             0x08013d48   0x138  Data  Gb  zigbee-stack.o [54]
stackTokenInfo          0x0801f2a4    0x3c  Data  Lc  token-cache.o [54]
startChannelScan        0x0801041d    0x6c  Code  Lc  scan.o [54]
startNetworkOperation   0x080148a9    0x46  Code  Lc  association.o [54]
startTransmission       0x0800d3af    0x30  Code  Lc  lower-mac-efr32.o [54]
statsTable              0x2000f8ac     0xc  Data  Lc  debug-extended.o [29]
storeAndForwardDelayCount
                        0x2000fcc4     0x1  Data  Lc  store-forward.o [54]
storeAndForwardSubmitCount
                        0x2000fcc5     0x1  Data  Lc  store-forward.o [54]
storedKeysList          0x2000f55f     0x1  Data  Lc  aps-keys-transient.o [50]
strongRandomReseedCount
                        0x2000f8a8     0x4  Data  Lc  phy.o [54]
submitCount             0x2000fbf9     0x1  Data  Lc  retry.o [54]
superRetriesIntervalForMacDataPoll
                        0x2000fab8     0x4  Data  Lc  network.o [54]
swoOutput               0x0800580f    0xde  Code  Lc  debug-jtag-em3xx.o [7]
symbolDelayCallbacks    0x2000fb98     0x8  Data  Lc  symbol-timer.o [54]
tcBasedClassificationAlgorithm
                        0x0801badf    0x62  Code  Lc  beacon-handling.o [54]
terminateScanRequest    0x0801fbfd    0x28  Code  Lc  zdo-channel.o [54]
timeoutPools            0x0800ff4d    0xd8  Code  Lc  mac-indirect.o [54]
timeoutPtaRxRequest     0x0800c9d9    0x16  Code  Lc  phy.o [54]
timerHandlerCallback    0x08021721    0x2a  Code  Lc  timers.o [31]
tokenArraySize          0x080261fc    0x24  Data  Gb  token-def.o [12]
tokenCreators           0x0802616c    0x48  Data  Gb  token-def.o [12]
tokenDefaults           0x08026470    0x90  Data  Gb  token-def.o [12]
tokenIsCnt              0x080261b4    0x24  Data  Gb  token-def.o [12]
tokenSize               0x080261d8    0x24  Data  Gb  token-def.o [12]
tokensActive            0x2000ffad     0x1  Data  Gb  token.o [12]
totalInitialChildren    0x2000f9a7     0x1  Data  Gb  zigbee-device-util.o [54]
totalTokenStorage       0x080260c8     0x4  Data  Gb  sim-eeprom2.o [18]
transientKeyFinish      0x0801246f    0x38  Code  Lc  aps-keys-transient.o [50]
transportKeyFrameSizes  0x0801b22c     0x8  Data  Lc  packet-validate.o [48]
trustCenterPolicy       0x2000f50a     0x2  Data  Lc  command-handlers-security.o [45]
txBuffer                0x2000f8d4     0x4  Data  Lc  ash-ncp.o [39]
txCompleted             0x0800d4b5    0x26  Code  Lc  lower-mac-efr32.o [54]
txHighQueue             0x2000f553     0x1  Data  Lc  ash-ncp.o [39]
txPower                 0x080091b0    0x28  Data  Lc  analogue.o [54]
txPowerMode             0x2000ffd7     0x1  Data  Lc  command-handlers.o [31]
txQueue                 0x2000f554     0x1  Data  Lc  ash-ncp.o [39]
txStepTimeSnapshot      0x2000fafe     0x2  Data  Lc  phy-common.o [54]
uartErrorMark           0x08007aa3    0x3c  Code  Lc  uart.o [12]
uartSynchCallbacks      0x2000ffd8     0x1  Data  Gb  command-handlers.o [31]
unicastHead             0x2000fca8     0x1  Data  Lc  unicast-table.o [54]
unicastRepliesPolicyDecision
                        0x2000f55d     0x1  Data  Gb  command-handlers-zigbee-pro.o [44]
unsolicitedChannelReport
                        0x2000fbda     0x1  Data  Lc  zdo-channel.o [54]
unusedOriginalChannelMaskCache
                        0x2000f9f0     0x4  Data  Lc  scan.o [54]
unusedPanIdCache        0x2000f9ce     0x2  Data  Lc  scan.o [54]
updateIncomingMessageCallbacksInQueue
                        0x08023687    0x80  Code  Gb  command-handlers-binding.o [40]
updateTcLinkKeyState    0x2000ffd0     0x1  Data  Lc  aps-keys.o [54]
upperMacState           0x2000fc44    0x1c  Data  Gb  upper-mac.o [54]
useLegacyTimeoutMethod  0x2000ffec     0x1  Data  Gb  child-handling.o [54]
useNegotiatedPowerbyLinkPowerDelta
                        0x2000f578     0x1  Data  Gb  lower-mac-efr32.o [54]
useOsc32k               0x2000ffac     0x1  Data  Gb  micro-common.o [12]
useXtalAsIs             0x2000ffc7     0x1  Data  Lc  clocks.o [35]
useXtalSysTickIsr       0x2000ffc4     0x1  Data  Gb  clocks.o [35]
vcoLastTuneValueAvailable
                        0x2000fc61     0x1  Data  Gb  analogue-vco.o [54]
vcoTuneModDacError      0x0800d98d    0x24  Code  Lc  analogue-mod-dac.o [54]
verifyFib               0x08006bb5    0x20  Code  Lc  flash.o [35]
vpaStruct               0x2000f460     0x8  Data  Gb  sim-eeprom2-internal.o [52]
vpbStruct               0x2000f468     0x8  Data  Gb  sim-eeprom2-internal.o [52]
vpcStruct               0x2000f470     0x8  Data  Gb  sim-eeprom2-internal.o [52]
wakeupXtalState         0x2000ffc6     0x1  Data  Gb  clocks.o [35]
walkDelayQueue          0x0801788d    0xde  Code  Lc  retry.o [54]
walkStoreAndForwardQueue
                        0x08017b9d   0x108  Code  Lc  store-forward.o [54]
writeApsFrame           0x08016f1b    0x36  Code  Lc  command-handlers-zigbee-pro.o [44]
writeLqiAndRssi         0x0801735d    0x12  Code  Gb  command-handlers-zigbee-pro.o [44]
writeMessage            0x080063b5    0xaa  Code  Lc  packet-buffer.o [54]
writeNewTokenData       0x080051ed    0x8e  Code  Lc  sim-eeprom2-internal.o [52]
writeStoredTokDefsToNext
                        0x08004bd1    0x66  Code  Lc  sim-eeprom2-internal.o [52]
writeVpMgmtToNext       0x0800507d   0x156  Code  Lc  sim-eeprom2-internal.o [52]
xtalAboveLoThresholdUs  0x2000f4fe     0x2  Data  Gb  clocks.o [35]
xtalUnstable            0x2000ffc5     0x1  Data  Gb  clocks.o [35]
zdoConfigurationModeEnabled
                        0x2000f562     0x1  Data  Gb  zigbee-device-util.o [54]
zigDevApsStruct         0x2000f9b4     0x4  Data  Lc  zigbee-device-util.o [54]
zigDevRequestSequence   0x2000f9a4     0x1  Data  Lc  zigbee-device-util.o [54]


[1] = C:\Users\robbin\SimplicityStudio\v4_workspace\xncp-led_3\IAR ARM - Default - EM3588
[2] = C:\Users\robbin\SimplicityStudio\v4_workspace\xncp-led_3\IAR ARM - Default - EM3588\adc\EM3588
[3] = C:\Users\robbin\SimplicityStudio\v4_workspace\xncp-led_3\IAR ARM - Default - EM3588\antenna-stub
[4] = C:\Users\robbin\SimplicityStudio\v4_workspace\xncp-led_3\IAR ARM - Default - EM3588\button-stub
[5] = C:\Users\robbin\SimplicityStudio\v4_workspace\xncp-led_3\IAR ARM - Default - EM3588\ccm-encryption
[6] = C:\Users\robbin\SimplicityStudio\v4_workspace\xncp-led_3\IAR ARM - Default - EM3588\coexistence-stub\EM3588
[7] = C:\Users\robbin\SimplicityStudio\v4_workspace\xncp-led_3\IAR ARM - Default - EM3588\debug-channel\EM3588
[8] = C:\Users\robbin\SimplicityStudio\v4_workspace\xncp-led_3\IAR ARM - Default - EM3588\diagnostic-stub
[9] = C:\Users\robbin\SimplicityStudio\v4_workspace\xncp-led_3\IAR ARM - Default - EM3588\ember-minimal-printf
[10] = C:\Users\robbin\SimplicityStudio\v4_workspace\xncp-led_3\IAR ARM - Default - EM3588\ext-device\EM3588
[11] = C:\Users\robbin\SimplicityStudio\v4_workspace\xncp-led_3\IAR ARM - Default - EM3588\external-generated-files
[12] = C:\Users\robbin\SimplicityStudio\v4_workspace\xncp-led_3\IAR ARM - Default - EM3588\hal-library\EM3588
[13] = C:\Users\robbin\SimplicityStudio\v4_workspace\xncp-led_3\IAR ARM - Default - EM3588\hal-library\EM3588\iar
[14] = C:\Users\robbin\SimplicityStudio\v4_workspace\xncp-led_3\IAR ARM - Default - EM3588\led\EM3588
[15] = C:\Users\robbin\SimplicityStudio\v4_workspace\xncp-led_3\IAR ARM - Default - EM3588\ncp-uart
[16] = C:\Users\robbin\SimplicityStudio\v4_workspace\xncp-led_3\IAR ARM - Default - EM3588\secure-ezsp-stub
[17] = C:\Users\robbin\SimplicityStudio\v4_workspace\xncp-led_3\IAR ARM - Default - EM3588\serial\EM3588
[18] = C:\Users\robbin\SimplicityStudio\v4_workspace\xncp-led_3\IAR ARM - Default - EM3588\sim-eeprom2\EM3588
[19] = C:\Users\robbin\SimplicityStudio\v4_workspace\xncp-led_3\IAR ARM - Default - EM3588\strong-random
[20] = command line
[21] = binding-table-library.a
[22] = cbke-163k1-stub-library.a
[23] = cbke-283k1-stub-library.a
[24] = cbke-library-dsa-sign-stub.a
[25] = cbke-library-dsa-verify-283k1-stub.a
[26] = cbke-library-dsa-verify-stub.a
[27] = cbke-stub-library.a
[28] = debug-basic-library.a
[29] = debug-extended-library.a
[30] = dl7M_tln.a
[31] = em260-uart-util-library.a
[32] = em260-xncp-library.a
[33] = end-device-bind-library.a
[34] = gp-library.a
[35] = hal-library.a
[36] = install-code-library-stub.a
[37] = mfglib-library.a
[38] = multi-network-stub-library.a
[39] = ncp-ash-buffers-rts-cts-library.a
[40] = ncp-binding-library.a
[41] = ncp-cbke-library.a
[42] = ncp-gp-library.a
[43] = ncp-mfglib-library.a
[44] = ncp-pro-library.a
[45] = ncp-security-library.a
[46] = ncp-source-route-library.a
[47] = ncp-zll-library.a
[48] = packet-validate-library.a
[49] = rt7M_tl.a
[50] = security-library-link-keys.a
[51] = sim-eeprom2-1to2-upgrade-stub-library.a
[52] = sim-eeprom2-library.a
[53] = source-route-library.a
[54] = zigbee-pro-stack.a
[55] = zigbee-r22-support-stub-library.a
[56] = zll-stub-library.a

  138 988 bytes of readonly  code memory
    2 432 bytes of readonly  data memory
   47 790 bytes of readwrite data memory

Errors: none
Warnings: 1
